
> fluidez-activa@1.0.0 test
> jest --passWithNoTests

info  - Loaded env from C:\Users\usuario\Documents\fluidez activa implementacion\.env
npm : warn  - You have enabled experimental feature (clientRouterFilter) in next.config.js.
En línea: 1 Carácter: 1
+ npm test -- --passWithNoTests 2>&1 | Out-File -FilePath "test-results ...
+ ~~~~~~~~~~~~~~~~~~~~~~~~~~~~~~~~~~
    + CategoryInfo          : NotSpecified: (warn  - You hav...next.config.js.:String) [], RemoteException
    + FullyQualifiedErrorId : NativeCommandError
 
warn  - Experimental features are not covered by semver, and may cause unexpected or broken application behavior. Use at your own risk.

PASS __tests__/auth.test.js
  ÔùÅ Console

    console.error
      getUserFromRequest error Database error

    [0m [90m 72 |[39m     }[33m;[39m
     [90m 73 |[39m   } [36mcatch[39m (err) {
    [31m[1m>[22m[39m[90m 74 |[39m     console[33m.[39merror([32m'getUserFromRequest error'[39m[33m,[39m err [33m&&[39m err[33m.[39mmessage)[33m;[39m
     [90m    |[39m             [31m[1m^[22m[39m
     [90m 75 |[39m     [36mreturn[39m [36mnull[39m[33m;[39m
     [90m 76 |[39m   }
     [90m 77 |[39m }[0m

      at error (util/auth.js:74:13)
      at Object.<anonymous> (__tests__/auth.test.js:188:20)

FAIL __tests__/metrics.test.jsx
  ÔùÅ Pruebas Funcionales - Componente MetricsDisplay ÔÇ║ debe renderizar m├®tricas b├ísicas correctamente

    TestingLibraryElementError: Unable to find an element with the text: /Total de palabras:/i. This could be because the text is broken up by multiple elements. In this case, you can provide a function for your text matcher to 
make your matcher more flexible.

    Ignored nodes: comments, script, style
    [36m<body>[39m
      [36m<div>[39m
        [36m<div[39m
          [33mclass[39m=[32m"space-y-4"[39m
        [36m>[39m
          [36m<div[39m
            [33mclass[39m=[32m"bg-gradient-to-r from-blue-50 to-indigo-50 p-4 rounded-lg border-l-4 border-blue-500"[39m
          [36m>[39m
            [36m<h3[39m
              [33mclass[39m=[32m"text-lg font-bold text-[#6B3F1D] mb-2 flex items-center gap-2"[39m
            [36m>[39m
              [0m­ƒôè M├®tricas de Ritmo y Fluidez[0m
            [36m</h3>[39m
            [36m<p[39m
              [33mclass[39m=[32m"text-sm text-gray-700"[39m
            [36m>[39m
              [0mEstas m├®tricas ayudan a evaluar el ritmo del habla y las caracter├¡sticas pros├│dicas. Valores m├ís altos generalmente indican mayor variabilidad r├¡tmica.[0m
            [36m</p>[39m
          [36m</div>[39m
          [36m<div[39m
            [33mclass[39m=[32m"grid grid-cols-1 md:grid-cols-3 gap-4"[39m
          [36m>[39m
            [36m<div[39m
              [33mclass[39m=[32m"bg-white rounded-lg p-4 shadow-md border-2 border-[#F7C873] hover:shadow-lg transition-shadow"[39m
            [36m>[39m
              [36m<div[39m
                [33mclass[39m=[32m"flex items-center justify-between mb-2"[39m
              [36m>[39m
                [36m<h4[39m
                  [33mclass[39m=[32m"font-bold text-[#6B3F1D] text-sm"[39m
                [36m>[39m
                  [0mPVI (├ìndice de Variaci├│n de Pares)[0m
                [36m</h4>[39m
                [36m<span[39m
                  [33mclass[39m=[32m"text-xs bg-blue-100 text-blue-800 px-2 py-1 rounded-full"[39m
                [36m>[39m
                  [0m?[0m
                [36m</span>[39m
              [36m</div>[39m
              [36m<div[39m
                [33mclass[39m=[32m"text-3xl font-bold text-[#6B3F1D] mb-2"[39m
              [36m>[39m
                [0m--[0m
                [36m<span[39m
                  [33mclass[39m=[32m"text-lg text-gray-500 ml-1"[39m
                [36m>[39m
                  [0m%[0m
                [36m</span>[39m
              [36m</div>[39m
              [36m<p[39m
                [33mclass[39m=[32m"text-xs text-gray-600 mb-2"[39m
              [36m>[39m
                [0mMide la variabilidad en la duraci├│n de segmentos voc├ílicos consecutivos[0m
              [36m</p>[39m
              [36m<div[39m
                [33mclass[39m=[32m"text-xs text-gray-500 italic bg-gray-50 p-2 rounded"[39m
              [36m>[39m
                [0mRequiere m├ís datos[0m
              [36m</div>[39m
            [36m</div>[39m
            [36m<div[39m
              [33mclass[39m=[32m"bg-white rounded-lg p-4 shadow-md border-2 border-[#F7C873] hover:shadow-lg transition-shadow"[39m
            [36m>[39m
              [36m<div[39m
                [33mclass[39m=[32m"flex items-center justify-between mb-2"[39m
              [36m>[39m
                [36m<h4[39m
                  [33mclass[39m=[32m"font-bold text-[#6B3F1D] text-sm"[39m
                [36m>[39m
                  [0mVarcoV (Coeficiente de Variaci├│n Voc├ílica)[0m
                [36m</h4>[39m
                [36m<span[39m
                  [33mclass[39m=[32m"text-xs bg-blue-100 text-blue-800 px-2 py-1 rounded-full"[39m
                [36m>[39m
                  [0m?[0m
                [36m</span>[39m
              [36m</div>[39m
              [36m<div[39m
                [33mclass[39m=[32m"text-3xl font-bold text-[#6B3F1D] mb-2"[39m
              [36m>[39m
                [0m--[0m
                [36m<span[39m
                  [33mclass[39m=[32m"text-lg text-gray-500 ml-1"[39m
                [36m>[39m
                  [0m%[0m
                [36m</span>[39m
              [36m</div>[39m
              [36m<p[39m
                [33mclass[39m=[32m"text-xs text-gray-600 mb-2"[39m
              [36m>[39m
                [0mCoeficiente de variaci├│n normalizado de las duraciones voc├ílicas[0m
              [36m</p>[39m
              [36m<div[39m
                [33mclass[39m=[32m"text-xs text-gray-500 italic bg-gray-50 p-2 rounded"[39m
              [36m>[39m
                [0mRequiere m├ís datos[0m
              [36m</div>[39m
            [36m</div>[39m
            [36m<div[39m
              [33mclass[39m=[32m"bg-white rounded-lg p-4 shadow-md border-2 border-[#F7C873] hover:shadow-lg transition-shadow"[39m
            [36m>[39m
              [36m<div[39m
                [33mclass[39m=[32m"flex items-center justify-between mb-2"[39m
              [36m>[39m
                [36m<h4[39m
                  [33mclass[39m=[32m"font-bold text-[#6B3F1D] text-sm"[39m
                [36m>[39m
                  [0m%V (Porcentaje Voc├ílico)[0m
                [36m</h4>[39m
                [36m<span[39m
                  [33mclass[39m=[32m"text-xs bg-blue-100 text-blue-800 px-2 py-1 rounded-full"[39m
                [36m>[39m
                  [0m?[0m
                [36m</span>[39m
              [36m</div>[39m
              [36m<div[39m
                [33mclass[39m=[32m"text-3xl font-bold text-[#6B3F1D] mb-2"[39m
              [36m>[39m
                [0m--[0m
                [36m<span[39m
                  [33mclass[39m=[32m"text-lg text-gray-500 ml-1"[39m
                [36m>[39m
                  [0m%[0m
                [36m</span>[39m
              [36m</div>[39m
              [36m<p[39m
                [33mclass[39m=[32m"text-xs text-gray-600 mb-2"[39m
              [36m>[39m
                [0mProporci├│n de material voc├ílico en el habla total[0m
              [36m</p>[39m
              [36m<div[39m
                [33mclass[39m=[32m"text-xs text-gray-500 italic bg-gray-50 p-2 rounded"[39m
              [36m>[39m
                [0mRequiere m├ís datos[0m
              [36m</div>[39m
            [36m</div>[39m
          [36m</div>[39m
          [36m<div[39m
            [33mclass[39m=[32m"bg-yellow-50 border-l-4 border-yellow-400 p-4 rounded"[39m
          [36m>[39m
            [36m<p[39m
              [33mclass[39m=[32m"text-xs text-gray-700"[39m
            [36m>[39m
              [36m<strong>[39m
                [0mNota:[0m
              [36m</strong>[39m
              [0m Estas m├®tricas son estimaciones basadas en el texto transcrito. Para mediciones precisas de duraci├│n, se requiere an├ílisis ac├║stico del audio original.[0m
            [36m</p>[39m
          [36m</div>[39m
        [36m</div>[39m
      [36m</div>[39m
    [36m</body>[39m

    [0m [90m 22 |[39m     render([33m<[39m[33mMetricsDisplay[39m transcribedText[33m=[39m{mockText} analysis[33m=[39m{mockAnalysis} [33m/[39m[33m>[39m)[33m;[39m
     [90m 23 |[39m
    [31m[1m>[22m[39m[90m 24 |[39m     expect(screen[33m.[39mgetByText([35m/Total de palabras:/i[39m))[33m.[39mtoBeInTheDocument()[33m;[39m
     [90m    |[39m                   [31m[1m^[22m[39m
     [90m 25 |[39m     expect(screen[33m.[39mgetByText([32m'8'[39m))[33m.[39mtoBeInTheDocument()[33m;[39m
     [90m 26 |[39m   })[33m;[39m
     [90m 27 |[39m[0m

      at Object.getElementError (node_modules/@testing-library/dom/dist/config.js:37:19)
      at node_modules/@testing-library/dom/dist/query-helpers.js:76:38
      at node_modules/@testing-library/dom/dist/query-helpers.js:52:17
      at node_modules/@testing-library/dom/dist/query-helpers.js:95:19
      at Object.getByText (__tests__/metrics.test.jsx:24:19)

  ÔùÅ Pruebas Funcionales - Componente MetricsDisplay ÔÇ║ debe calcular palabras por minuto correctamente

    TestingLibraryElementError: Unable to find an element with the text: /Velocidad:/i. This could be because the text is broken up by multiple elements. In this case, you can provide a function for your text matcher to make your 
matcher more flexible.

    Ignored nodes: comments, script, style
    [36m<body>[39m
      [36m<div>[39m
        [36m<div[39m
          [33mclass[39m=[32m"space-y-4"[39m
        [36m>[39m
          [36m<div[39m
            [33mclass[39m=[32m"bg-gradient-to-r from-blue-50 to-indigo-50 p-4 rounded-lg border-l-4 border-blue-500"[39m
          [36m>[39m
            [36m<h3[39m
              [33mclass[39m=[32m"text-lg font-bold text-[#6B3F1D] mb-2 flex items-center gap-2"[39m
            [36m>[39m
              [0m­ƒôè M├®tricas de Ritmo y Fluidez[0m
            [36m</h3>[39m
            [36m<p[39m
              [33mclass[39m=[32m"text-sm text-gray-700"[39m
            [36m>[39m
              [0mEstas m├®tricas ayudan a evaluar el ritmo del habla y las caracter├¡sticas pros├│dicas. Valores m├ís altos generalmente indican mayor variabilidad r├¡tmica.[0m
            [36m</p>[39m
          [36m</div>[39m
          [36m<div[39m
            [33mclass[39m=[32m"grid grid-cols-1 md:grid-cols-3 gap-4"[39m
          [36m>[39m
            [36m<div[39m
              [33mclass[39m=[32m"bg-white rounded-lg p-4 shadow-md border-2 border-[#F7C873] hover:shadow-lg transition-shadow"[39m
            [36m>[39m
              [36m<div[39m
                [33mclass[39m=[32m"flex items-center justify-between mb-2"[39m
              [36m>[39m
                [36m<h4[39m
                  [33mclass[39m=[32m"font-bold text-[#6B3F1D] text-sm"[39m
                [36m>[39m
                  [0mPVI (├ìndice de Variaci├│n de Pares)[0m
                [36m</h4>[39m
                [36m<span[39m
                  [33mclass[39m=[32m"text-xs bg-blue-100 text-blue-800 px-2 py-1 rounded-full"[39m
                [36m>[39m
                  [0m?[0m
                [36m</span>[39m
              [36m</div>[39m
              [36m<div[39m
                [33mclass[39m=[32m"text-3xl font-bold text-[#6B3F1D] mb-2"[39m
              [36m>[39m
                [0m--[0m
                [36m<span[39m
                  [33mclass[39m=[32m"text-lg text-gray-500 ml-1"[39m
                [36m>[39m
                  [0m%[0m
                [36m</span>[39m
              [36m</div>[39m
              [36m<p[39m
                [33mclass[39m=[32m"text-xs text-gray-600 mb-2"[39m
              [36m>[39m
                [0mMide la variabilidad en la duraci├│n de segmentos voc├ílicos consecutivos[0m
              [36m</p>[39m
              [36m<div[39m
                [33mclass[39m=[32m"text-xs text-gray-500 italic bg-gray-50 p-2 rounded"[39m
              [36m>[39m
                [0mRequiere m├ís datos[0m
              [36m</div>[39m
            [36m</div>[39m
            [36m<div[39m
              [33mclass[39m=[32m"bg-white rounded-lg p-4 shadow-md border-2 border-[#F7C873] hover:shadow-lg transition-shadow"[39m
            [36m>[39m
              [36m<div[39m
                [33mclass[39m=[32m"flex items-center justify-between mb-2"[39m
              [36m>[39m
                [36m<h4[39m
                  [33mclass[39m=[32m"font-bold text-[#6B3F1D] text-sm"[39m
                [36m>[39m
                  [0mVarcoV (Coeficiente de Variaci├│n Voc├ílica)[0m
                [36m</h4>[39m
                [36m<span[39m
                  [33mclass[39m=[32m"text-xs bg-blue-100 text-blue-800 px-2 py-1 rounded-full"[39m
                [36m>[39m
                  [0m?[0m
                [36m</span>[39m
              [36m</div>[39m
              [36m<div[39m
                [33mclass[39m=[32m"text-3xl font-bold text-[#6B3F1D] mb-2"[39m
              [36m>[39m
                [0m--[0m
                [36m<span[39m
                  [33mclass[39m=[32m"text-lg text-gray-500 ml-1"[39m
                [36m>[39m
                  [0m%[0m
                [36m</span>[39m
              [36m</div>[39m
              [36m<p[39m
                [33mclass[39m=[32m"text-xs text-gray-600 mb-2"[39m
              [36m>[39m
                [0mCoeficiente de variaci├│n normalizado de las duraciones voc├ílicas[0m
              [36m</p>[39m
              [36m<div[39m
                [33mclass[39m=[32m"text-xs text-gray-500 italic bg-gray-50 p-2 rounded"[39m
              [36m>[39m
                [0mRequiere m├ís datos[0m
              [36m</div>[39m
            [36m</div>[39m
            [36m<div[39m
              [33mclass[39m=[32m"bg-white rounded-lg p-4 shadow-md border-2 border-[#F7C873] hover:shadow-lg transition-shadow"[39m
            [36m>[39m
              [36m<div[39m
                [33mclass[39m=[32m"flex items-center justify-between mb-2"[39m
              [36m>[39m
                [36m<h4[39m
                  [33mclass[39m=[32m"font-bold text-[#6B3F1D] text-sm"[39m
                [36m>[39m
                  [0m%V (Porcentaje Voc├ílico)[0m
                [36m</h4>[39m
                [36m<span[39m
                  [33mclass[39m=[32m"text-xs bg-blue-100 text-blue-800 px-2 py-1 rounded-full"[39m
                [36m>[39m
                  [0m?[0m
                [36m</span>[39m
              [36m</div>[39m
              [36m<div[39m
                [33mclass[39m=[32m"text-3xl font-bold text-[#6B3F1D] mb-2"[39m
              [36m>[39m
                [0m--[0m
                [36m<span[39m
                  [33mclass[39m=[32m"text-lg text-gray-500 ml-1"[39m
                [36m>[39m
                  [0m%[0m
                [36m</span>[39m
              [36m</div>[39m
              [36m<p[39m
                [33mclass[39m=[32m"text-xs text-gray-600 mb-2"[39m
              [36m>[39m
                [0mProporci├│n de material voc├ílico en el habla total[0m
              [36m</p>[39m
              [36m<div[39m
                [33mclass[39m=[32m"text-xs text-gray-500 italic bg-gray-50 p-2 rounded"[39m
              [36m>[39m
                [0mRequiere m├ís datos[0m
              [36m</div>[39m
            [36m</div>[39m
          [36m</div>[39m
          [36m<div[39m
            [33mclass[39m=[32m"bg-yellow-50 border-l-4 border-yellow-400 p-4 rounded"[39m
          [36m>[39m
            [36m<p[39m
              [33mclass[39m=[32m"text-xs text-gray-700"[39m
            [36m>[39m
              [36m<strong>[39m
                [0mNota:[0m
              [36m</strong>[39m
              [0m Estas m├®tricas son estimaciones basadas en el texto transcrito. Para mediciones precisas de duraci├│n, se requiere an├ílisis ac├║stico del audio original.[0m
            [36m</p>[39m
          [36m</div>[39m
        [36m</div>[39m
      [36m</div>[39m
    [36m</body>[39m

    [0m [90m 37 |[39m
     [90m 38 |[39m     [90m// Buscar el elemento que muestra palabras por minuto[39m
    [31m[1m>[22m[39m[90m 39 |[39m     expect(screen[33m.[39mgetByText([35m/Velocidad:/i[39m))[33m.[39mtoBeInTheDocument()[33m;[39m
     [90m    |[39m                   [31m[1m^[22m[39m
     [90m 40 |[39m     expect(screen[33m.[39mgetByText([35m/120/[39m))[33m.[39mtoBeInTheDocument()[33m;[39m
     [90m 41 |[39m   })[33m;[39m
     [90m 42 |[39m[0m

      at Object.getElementError (node_modules/@testing-library/dom/dist/config.js:37:19)
      at node_modules/@testing-library/dom/dist/query-helpers.js:76:38
      at node_modules/@testing-library/dom/dist/query-helpers.js:52:17
      at node_modules/@testing-library/dom/dist/query-helpers.js:95:19
      at Object.getByText (__tests__/metrics.test.jsx:39:19)

  ÔùÅ Pruebas Funcionales - Componente MetricsDisplay ÔÇ║ debe mostrar indicador de fluidez basado en pausas

    TestingLibraryElementError: Unable to find an element with the text: /Fluidez:/i. This could be because the text is broken up by multiple elements. In this case, you can provide a function for your text matcher to make your 
matcher more flexible.

    Ignored nodes: comments, script, style
    [36m<body>[39m
      [36m<div>[39m
        [36m<div[39m
          [33mclass[39m=[32m"space-y-4"[39m
        [36m>[39m
          [36m<div[39m
            [33mclass[39m=[32m"bg-gradient-to-r from-blue-50 to-indigo-50 p-4 rounded-lg border-l-4 border-blue-500"[39m
          [36m>[39m
            [36m<h3[39m
              [33mclass[39m=[32m"text-lg font-bold text-[#6B3F1D] mb-2 flex items-center gap-2"[39m
            [36m>[39m
              [0m­ƒôè M├®tricas de Ritmo y Fluidez[0m
            [36m</h3>[39m
            [36m<p[39m
              [33mclass[39m=[32m"text-sm text-gray-700"[39m
            [36m>[39m
              [0mEstas m├®tricas ayudan a evaluar el ritmo del habla y las caracter├¡sticas pros├│dicas. Valores m├ís altos generalmente indican mayor variabilidad r├¡tmica.[0m
            [36m</p>[39m
          [36m</div>[39m
          [36m<div[39m
            [33mclass[39m=[32m"grid grid-cols-1 md:grid-cols-3 gap-4"[39m
          [36m>[39m
            [36m<div[39m
              [33mclass[39m=[32m"bg-white rounded-lg p-4 shadow-md border-2 border-[#F7C873] hover:shadow-lg transition-shadow"[39m
            [36m>[39m
              [36m<div[39m
                [33mclass[39m=[32m"flex items-center justify-between mb-2"[39m
              [36m>[39m
                [36m<h4[39m
                  [33mclass[39m=[32m"font-bold text-[#6B3F1D] text-sm"[39m
                [36m>[39m
                  [0mPVI (├ìndice de Variaci├│n de Pares)[0m
                [36m</h4>[39m
                [36m<span[39m
                  [33mclass[39m=[32m"text-xs bg-blue-100 text-blue-800 px-2 py-1 rounded-full"[39m
                [36m>[39m
                  [0m?[0m
                [36m</span>[39m
              [36m</div>[39m
              [36m<div[39m
                [33mclass[39m=[32m"text-3xl font-bold text-[#6B3F1D] mb-2"[39m
              [36m>[39m
                [0m--[0m
                [36m<span[39m
                  [33mclass[39m=[32m"text-lg text-gray-500 ml-1"[39m
                [36m>[39m
                  [0m%[0m
                [36m</span>[39m
              [36m</div>[39m
              [36m<p[39m
                [33mclass[39m=[32m"text-xs text-gray-600 mb-2"[39m
              [36m>[39m
                [0mMide la variabilidad en la duraci├│n de segmentos voc├ílicos consecutivos[0m
              [36m</p>[39m
              [36m<div[39m
                [33mclass[39m=[32m"text-xs text-gray-500 italic bg-gray-50 p-2 rounded"[39m
              [36m>[39m
                [0mRequiere m├ís datos[0m
              [36m</div>[39m
            [36m</div>[39m
            [36m<div[39m
              [33mclass[39m=[32m"bg-white rounded-lg p-4 shadow-md border-2 border-[#F7C873] hover:shadow-lg transition-shadow"[39m
            [36m>[39m
              [36m<div[39m
                [33mclass[39m=[32m"flex items-center justify-between mb-2"[39m
              [36m>[39m
                [36m<h4[39m
                  [33mclass[39m=[32m"font-bold text-[#6B3F1D] text-sm"[39m
                [36m>[39m
                  [0mVarcoV (Coeficiente de Variaci├│n Voc├ílica)[0m
                [36m</h4>[39m
                [36m<span[39m
                  [33mclass[39m=[32m"text-xs bg-blue-100 text-blue-800 px-2 py-1 rounded-full"[39m
                [36m>[39m
                  [0m?[0m
                [36m</span>[39m
              [36m</div>[39m
              [36m<div[39m
                [33mclass[39m=[32m"text-3xl font-bold text-[#6B3F1D] mb-2"[39m
              [36m>[39m
                [0m--[0m
                [36m<span[39m
                  [33mclass[39m=[32m"text-lg text-gray-500 ml-1"[39m
                [36m>[39m
                  [0m%[0m
                [36m</span>[39m
              [36m</div>[39m
              [36m<p[39m
                [33mclass[39m=[32m"text-xs text-gray-600 mb-2"[39m
              [36m>[39m
                [0mCoeficiente de variaci├│n normalizado de las duraciones voc├ílicas[0m
              [36m</p>[39m
              [36m<div[39m
                [33mclass[39m=[32m"text-xs text-gray-500 italic bg-gray-50 p-2 rounded"[39m
              [36m>[39m
                [0mRequiere m├ís datos[0m
              [36m</div>[39m
            [36m</div>[39m
            [36m<div[39m
              [33mclass[39m=[32m"bg-white rounded-lg p-4 shadow-md border-2 border-[#F7C873] hover:shadow-lg transition-shadow"[39m
            [36m>[39m
              [36m<div[39m
                [33mclass[39m=[32m"flex items-center justify-between mb-2"[39m
              [36m>[39m
                [36m<h4[39m
                  [33mclass[39m=[32m"font-bold text-[#6B3F1D] text-sm"[39m
                [36m>[39m
                  [0m%V (Porcentaje Voc├ílico)[0m
                [36m</h4>[39m
                [36m<span[39m
                  [33mclass[39m=[32m"text-xs bg-blue-100 text-blue-800 px-2 py-1 rounded-full"[39m
                [36m>[39m
                  [0m?[0m
                [36m</span>[39m
              [36m</div>[39m
              [36m<div[39m
                [33mclass[39m=[32m"text-3xl font-bold text-[#6B3F1D] mb-2"[39m
              [36m>[39m
                [0m--[0m
                [36m<span[39m
                  [33mclass[39m=[32m"text-lg text-gray-500 ml-1"[39m
                [36m>[39m
                  [0m%[0m
                [36m</span>[39m
              [36m</div>[39m
              [36m<p[39m
                [33mclass[39m=[32m"text-xs text-gray-600 mb-2"[39m
              [36m>[39m
                [0mProporci├│n de material voc├ílico en el habla total[0m
              [36m</p>[39m
              [36m<div[39m
                [33mclass[39m=[32m"text-xs text-gray-500 italic bg-gray-50 p-2 rounded"[39m
              [36m>[39m
                [0mRequiere m├ís datos[0m
              [36m</div>[39m
            [36m</div>[39m
          [36m</div>[39m
          [36m<div[39m
            [33mclass[39m=[32m"bg-yellow-50 border-l-4 border-yellow-400 p-4 rounded"[39m
          [36m>[39m
            [36m<p[39m
              [33mclass[39m=[32m"text-xs text-gray-700"[39m
            [36m>[39m
              [36m<strong>[39m
                [0mNota:[0m
              [36m</strong>[39m
              [0m Estas m├®tricas son estimaciones basadas en el texto transcrito. Para mediciones precisas de duraci├│n, se requiere an├ílisis ac├║stico del audio original.[0m
            [36m</p>[39m
          [36m</div>[39m
        [36m</div>[39m
      [36m</div>[39m
    [36m</body>[39m

    [0m [90m 50 |[39m     render([33m<[39m[33mMetricsDisplay[39m transcribedText[33m=[39m[32m"texto de prueba"[39m analysis[33m=[39m{mockAnalysis} [33m/[39m[33m>[39m)[33m;[39m
     [90m 51 |[39m
    [31m[1m>[22m[39m[90m 52 |[39m     expect(screen[33m.[39mgetByText([35m/Fluidez:/i[39m))[33m.[39mtoBeInTheDocument()[33m;[39m
     [90m    |[39m                   [31m[1m^[22m[39m
     [90m 53 |[39m   })[33m;[39m
     [90m 54 |[39m
     [90m 55 |[39m   test([32m'debe manejar caso sin an├ílisis'[39m[33m,[39m () [33m=>[39m {[0m

      at Object.getElementError (node_modules/@testing-library/dom/dist/config.js:37:19)
      at node_modules/@testing-library/dom/dist/query-helpers.js:76:38
      at node_modules/@testing-library/dom/dist/query-helpers.js:52:17
      at node_modules/@testing-library/dom/dist/query-helpers.js:95:19
      at Object.getByText (__tests__/metrics.test.jsx:52:19)

  ÔùÅ Pruebas Funcionales - Componente MetricsDisplay ÔÇ║ debe manejar caso sin an├ílisis

    TestingLibraryElementError: Unable to find an element with the text: /No hay m├®tricas/i. This could be because the text is broken up by multiple elements. In this case, you can provide a function for your text matcher to make 
your matcher more flexible.

    Ignored nodes: comments, script, style
    [36m<body>[39m
      [36m<div>[39m
        [36m<div[39m
          [33mclass[39m=[32m"space-y-4"[39m
        [36m>[39m
          [36m<div[39m
            [33mclass[39m=[32m"bg-gradient-to-r from-blue-50 to-indigo-50 p-4 rounded-lg border-l-4 border-blue-500"[39m
          [36m>[39m
            [36m<h3[39m
              [33mclass[39m=[32m"text-lg font-bold text-[#6B3F1D] mb-2 flex items-center gap-2"[39m
            [36m>[39m
              [0m­ƒôè M├®tricas de Ritmo y Fluidez[0m
            [36m</h3>[39m
            [36m<p[39m
              [33mclass[39m=[32m"text-sm text-gray-700"[39m
            [36m>[39m
              [0mEstas m├®tricas ayudan a evaluar el ritmo del habla y las caracter├¡sticas pros├│dicas. Valores m├ís altos generalmente indican mayor variabilidad r├¡tmica.[0m
            [36m</p>[39m
          [36m</div>[39m
          [36m<div[39m
            [33mclass[39m=[32m"grid grid-cols-1 md:grid-cols-3 gap-4"[39m
          [36m>[39m
            [36m<div[39m
              [33mclass[39m=[32m"bg-white rounded-lg p-4 shadow-md border-2 border-[#F7C873] hover:shadow-lg transition-shadow"[39m
            [36m>[39m
              [36m<div[39m
                [33mclass[39m=[32m"flex items-center justify-between mb-2"[39m
              [36m>[39m
                [36m<h4[39m
                  [33mclass[39m=[32m"font-bold text-[#6B3F1D] text-sm"[39m
                [36m>[39m
                  [0mPVI (├ìndice de Variaci├│n de Pares)[0m
                [36m</h4>[39m
                [36m<span[39m
                  [33mclass[39m=[32m"text-xs bg-blue-100 text-blue-800 px-2 py-1 rounded-full"[39m
                [36m>[39m
                  [0m?[0m
                [36m</span>[39m
              [36m</div>[39m
              [36m<div[39m
                [33mclass[39m=[32m"text-3xl font-bold text-[#6B3F1D] mb-2"[39m
              [36m>[39m
                [0m--[0m
                [36m<span[39m
                  [33mclass[39m=[32m"text-lg text-gray-500 ml-1"[39m
                [36m>[39m
                  [0m%[0m
                [36m</span>[39m
              [36m</div>[39m
              [36m<p[39m
                [33mclass[39m=[32m"text-xs text-gray-600 mb-2"[39m
              [36m>[39m
                [0mMide la variabilidad en la duraci├│n de segmentos voc├ílicos consecutivos[0m
              [36m</p>[39m
              [36m<div[39m
                [33mclass[39m=[32m"text-xs text-gray-500 italic bg-gray-50 p-2 rounded"[39m
              [36m>[39m
                [0mRequiere m├ís datos[0m
              [36m</div>[39m
            [36m</div>[39m
            [36m<div[39m
              [33mclass[39m=[32m"bg-white rounded-lg p-4 shadow-md border-2 border-[#F7C873] hover:shadow-lg transition-shadow"[39m
            [36m>[39m
              [36m<div[39m
                [33mclass[39m=[32m"flex items-center justify-between mb-2"[39m
              [36m>[39m
                [36m<h4[39m
                  [33mclass[39m=[32m"font-bold text-[#6B3F1D] text-sm"[39m
                [36m>[39m
                  [0mVarcoV (Coeficiente de Variaci├│n Voc├ílica)[0m
                [36m</h4>[39m
                [36m<span[39m
                  [33mclass[39m=[32m"text-xs bg-blue-100 text-blue-800 px-2 py-1 rounded-full"[39m
                [36m>[39m
                  [0m?[0m
                [36m</span>[39m
              [36m</div>[39m
              [36m<div[39m
                [33mclass[39m=[32m"text-3xl font-bold text-[#6B3F1D] mb-2"[39m
              [36m>[39m
                [0m--[0m
                [36m<span[39m
                  [33mclass[39m=[32m"text-lg text-gray-500 ml-1"[39m
                [36m>[39m
                  [0m%[0m
                [36m</span>[39m
              [36m</div>[39m
              [36m<p[39m
                [33mclass[39m=[32m"text-xs text-gray-600 mb-2"[39m
              [36m>[39m
                [0mCoeficiente de variaci├│n normalizado de las duraciones voc├ílicas[0m
              [36m</p>[39m
              [36m<div[39m
                [33mclass[39m=[32m"text-xs text-gray-500 italic bg-gray-50 p-2 rounded"[39m
              [36m>[39m
                [0mRequiere m├ís datos[0m
              [36m</div>[39m
            [36m</div>[39m
            [36m<div[39m
              [33mclass[39m=[32m"bg-white rounded-lg p-4 shadow-md border-2 border-[#F7C873] hover:shadow-lg transition-shadow"[39m
            [36m>[39m
              [36m<div[39m
                [33mclass[39m=[32m"flex items-center justify-between mb-2"[39m
              [36m>[39m
                [36m<h4[39m
                  [33mclass[39m=[32m"font-bold text-[#6B3F1D] text-sm"[39m
                [36m>[39m
                  [0m%V (Porcentaje Voc├ílico)[0m
                [36m</h4>[39m
                [36m<span[39m
                  [33mclass[39m=[32m"text-xs bg-blue-100 text-blue-800 px-2 py-1 rounded-full"[39m
                [36m>[39m
                  [0m?[0m
                [36m</span>[39m
              [36m</div>[39m
              [36m<div[39m
                [33mclass[39m=[32m"text-3xl font-bold text-[#6B3F1D] mb-2"[39m
              [36m>[39m
                [0m--[0m
                [36m<span[39m
                  [33mclass[39m=[32m"text-lg text-gray-500 ml-1"[39m
                [36m>[39m
                  [0m%[0m
                [36m</span>[39m
              [36m</div>[39m
              [36m<p[39m
                [33mclass[39m=[32m"text-xs text-gray-600 mb-2"[39m
              [36m>[39m
                [0mProporci├│n de material voc├ílico en el habla total[0m
              [36m</p>[39m
              [36m<div[39m
                [33mclass[39m=[32m"text-xs text-gray-500 italic bg-gray-50 p-2 rounded"[39m
              [36m>[39m
                [0mRequiere m├ís datos[0m
              [36m</div>[39m
            [36m</div>[39m
          [36m</div>[39m
          [36m<div[39m
            [33mclass[39m=[32m"bg-yellow-50 border-l-4 border-yellow-400 p-4 rounded"[39m
          [36m>[39m
            [36m<p[39m
              [33mclass[39m=[32m"text-xs text-gray-700"[39m
            [36m>[39m
              [36m<strong>[39m
                [0mNota:[0m
              [36m</strong>[39m
              [0m Estas m├®tricas son estimaciones basadas en el texto transcrito. Para mediciones precisas de duraci├│n, se requiere an├ílisis ac├║stico del audio original.[0m
            [36m</p>[39m
          [36m</div>[39m
        [36m</div>[39m
      [36m</div>[39m
    [36m</body>[39m

    [0m [90m 56 |[39m     render([33m<[39m[33mMetricsDisplay[39m transcribedText[33m=[39m[32m""[39m analysis[33m=[39m{[36mnull[39m} [33m/[39m[33m>[39m)[33m;[39m
     [90m 57 |[39m
    [31m[1m>[22m[39m[90m 58 |[39m     expect(screen[33m.[39mgetByText([35m/No hay m├®tricas/i[39m))[33m.[39mtoBeInTheDocument()[33m;[39m
     [90m    |[39m                   [31m[1m^[22m[39m
     [90m 59 |[39m   })[33m;[39m
     [90m 60 |[39m
     [90m 61 |[39m   test([32m'debe identificar palabras de relleno correctamente'[39m[33m,[39m () [33m=>[39m {[0m

      at Object.getElementError (node_modules/@testing-library/dom/dist/config.js:37:19)
      at node_modules/@testing-library/dom/dist/query-helpers.js:76:38
      at node_modules/@testing-library/dom/dist/query-helpers.js:52:17
      at node_modules/@testing-library/dom/dist/query-helpers.js:95:19
      at Object.getByText (__tests__/metrics.test.jsx:58:19)

  ÔùÅ Pruebas Funcionales - Componente MetricsDisplay ÔÇ║ debe identificar palabras de relleno correctamente

    TestingLibraryElementError: Unable to find an element with the text: /Muletillas:/i. This could be because the text is broken up by multiple elements. In this case, you can provide a function for your text matcher to make your 
matcher more flexible.

    Ignored nodes: comments, script, style
    [36m<body>[39m
      [36m<div>[39m
        [36m<div[39m
          [33mclass[39m=[32m"space-y-4"[39m
        [36m>[39m
          [36m<div[39m
            [33mclass[39m=[32m"bg-gradient-to-r from-blue-50 to-indigo-50 p-4 rounded-lg border-l-4 border-blue-500"[39m
          [36m>[39m
            [36m<h3[39m
              [33mclass[39m=[32m"text-lg font-bold text-[#6B3F1D] mb-2 flex items-center gap-2"[39m
            [36m>[39m
              [0m­ƒôè M├®tricas de Ritmo y Fluidez[0m
            [36m</h3>[39m
            [36m<p[39m
              [33mclass[39m=[32m"text-sm text-gray-700"[39m
            [36m>[39m
              [0mEstas m├®tricas ayudan a evaluar el ritmo del habla y las caracter├¡sticas pros├│dicas. Valores m├ís altos generalmente indican mayor variabilidad r├¡tmica.[0m
            [36m</p>[39m
          [36m</div>[39m
          [36m<div[39m
            [33mclass[39m=[32m"grid grid-cols-1 md:grid-cols-3 gap-4"[39m
          [36m>[39m
            [36m<div[39m
              [33mclass[39m=[32m"bg-white rounded-lg p-4 shadow-md border-2 border-[#F7C873] hover:shadow-lg transition-shadow"[39m
            [36m>[39m
              [36m<div[39m
                [33mclass[39m=[32m"flex items-center justify-between mb-2"[39m
              [36m>[39m
                [36m<h4[39m
                  [33mclass[39m=[32m"font-bold text-[#6B3F1D] text-sm"[39m
                [36m>[39m
                  [0mPVI (├ìndice de Variaci├│n de Pares)[0m
                [36m</h4>[39m
                [36m<span[39m
                  [33mclass[39m=[32m"text-xs bg-blue-100 text-blue-800 px-2 py-1 rounded-full"[39m
                [36m>[39m
                  [0m?[0m
                [36m</span>[39m
              [36m</div>[39m
              [36m<div[39m
                [33mclass[39m=[32m"text-3xl font-bold text-[#6B3F1D] mb-2"[39m
              [36m>[39m
                [0m--[0m
                [36m<span[39m
                  [33mclass[39m=[32m"text-lg text-gray-500 ml-1"[39m
                [36m>[39m
                  [0m%[0m
                [36m</span>[39m
              [36m</div>[39m
              [36m<p[39m
                [33mclass[39m=[32m"text-xs text-gray-600 mb-2"[39m
              [36m>[39m
                [0mMide la variabilidad en la duraci├│n de segmentos voc├ílicos consecutivos[0m
              [36m</p>[39m
              [36m<div[39m
                [33mclass[39m=[32m"text-xs text-gray-500 italic bg-gray-50 p-2 rounded"[39m
              [36m>[39m
                [0mRequiere m├ís datos[0m
              [36m</div>[39m
            [36m</div>[39m
            [36m<div[39m
              [33mclass[39m=[32m"bg-white rounded-lg p-4 shadow-md border-2 border-[#F7C873] hover:shadow-lg transition-shadow"[39m
            [36m>[39m
              [36m<div[39m
                [33mclass[39m=[32m"flex items-center justify-between mb-2"[39m
              [36m>[39m
                [36m<h4[39m
                  [33mclass[39m=[32m"font-bold text-[#6B3F1D] text-sm"[39m
                [36m>[39m
                  [0mVarcoV (Coeficiente de Variaci├│n Voc├ílica)[0m
                [36m</h4>[39m
                [36m<span[39m
                  [33mclass[39m=[32m"text-xs bg-blue-100 text-blue-800 px-2 py-1 rounded-full"[39m
                [36m>[39m
                  [0m?[0m
                [36m</span>[39m
              [36m</div>[39m
              [36m<div[39m
                [33mclass[39m=[32m"text-3xl font-bold text-[#6B3F1D] mb-2"[39m
              [36m>[39m
                [0m--[0m
                [36m<span[39m
                  [33mclass[39m=[32m"text-lg text-gray-500 ml-1"[39m
                [36m>[39m
                  [0m%[0m
                [36m</span>[39m
              [36m</div>[39m
              [36m<p[39m
                [33mclass[39m=[32m"text-xs text-gray-600 mb-2"[39m
              [36m>[39m
                [0mCoeficiente de variaci├│n normalizado de las duraciones voc├ílicas[0m
              [36m</p>[39m
              [36m<div[39m
                [33mclass[39m=[32m"text-xs text-gray-500 italic bg-gray-50 p-2 rounded"[39m
              [36m>[39m
                [0mRequiere m├ís datos[0m
              [36m</div>[39m
            [36m</div>[39m
            [36m<div[39m
              [33mclass[39m=[32m"bg-white rounded-lg p-4 shadow-md border-2 border-[#F7C873] hover:shadow-lg transition-shadow"[39m
            [36m>[39m
              [36m<div[39m
                [33mclass[39m=[32m"flex items-center justify-between mb-2"[39m
              [36m>[39m
                [36m<h4[39m
                  [33mclass[39m=[32m"font-bold text-[#6B3F1D] text-sm"[39m
                [36m>[39m
                  [0m%V (Porcentaje Voc├ílico)[0m
                [36m</h4>[39m
                [36m<span[39m
                  [33mclass[39m=[32m"text-xs bg-blue-100 text-blue-800 px-2 py-1 rounded-full"[39m
                [36m>[39m
                  [0m?[0m
                [36m</span>[39m
              [36m</div>[39m
              [36m<div[39m
                [33mclass[39m=[32m"text-3xl font-bold text-[#6B3F1D] mb-2"[39m
              [36m>[39m
                [0m--[0m
                [36m<span[39m
                  [33mclass[39m=[32m"text-lg text-gray-500 ml-1"[39m
                [36m>[39m
                  [0m%[0m
                [36m</span>[39m
              [36m</div>[39m
              [36m<p[39m
                [33mclass[39m=[32m"text-xs text-gray-600 mb-2"[39m
              [36m>[39m
                [0mProporci├│n de material voc├ílico en el habla total[0m
              [36m</p>[39m
              [36m<div[39m
                [33mclass[39m=[32m"text-xs text-gray-500 italic bg-gray-50 p-2 rounded"[39m
              [36m>[39m
                [0mRequiere m├ís datos[0m
              [36m</div>[39m
            [36m</div>[39m
          [36m</div>[39m
          [36m<div[39m
            [33mclass[39m=[32m"bg-yellow-50 border-l-4 border-yellow-400 p-4 rounded"[39m
          [36m>[39m
            [36m<p[39m
              [33mclass[39m=[32m"text-xs text-gray-700"[39m
            [36m>[39m
              [36m<strong>[39m
                [0mNota:[0m
              [36m</strong>[39m
              [0m Estas m├®tricas son estimaciones basadas en el texto transcrito. Para mediciones precisas de duraci├│n, se requiere an├ílisis ac├║stico del audio original.[0m
            [36m</p>[39m
          [36m</div>[39m
        [36m</div>[39m
      [36m</div>[39m
    [36m</body>[39m

    [0m [90m 69 |[39m     render([33m<[39m[33mMetricsDisplay[39m transcribedText[33m=[39m{mockText} analysis[33m=[39m{mockAnalysis} [33m/[39m[33m>[39m)[33m;[39m
     [90m 70 |[39m
    [31m[1m>[22m[39m[90m 71 |[39m     expect(screen[33m.[39mgetByText([35m/Muletillas:/i[39m))[33m.[39mtoBeInTheDocument()[33m;[39m
     [90m    |[39m                   [31m[1m^[22m[39m
     [90m 72 |[39m     expect(screen[33m.[39mgetByText([32m'6'[39m))[33m.[39mtoBeInTheDocument()[33m;[39m
     [90m 73 |[39m   })[33m;[39m
     [90m 74 |[39m[0m

      at Object.getElementError (node_modules/@testing-library/dom/dist/config.js:37:19)
      at node_modules/@testing-library/dom/dist/query-helpers.js:76:38
      at node_modules/@testing-library/dom/dist/query-helpers.js:52:17
      at node_modules/@testing-library/dom/dist/query-helpers.js:95:19
      at Object.getByText (__tests__/metrics.test.jsx:71:19)

FAIL e2e/app.spec.ts
  ÔùÅ Test suite failed to run

    ReferenceError: TransformStream is not defined

    [0m [90m  8 |[39m [36mimport[39m { test[33m,[39m expect } [36mfrom[39m [32m'@playwright/test'[39m[33m;[39m
     [90m  9 |[39m
    [31m[1m>[22m[39m[90m 10 |[39m test[33m.[39mdescribe([32m'Pruebas de Sistema E2E - Fluidez Activa'[39m[33m,[39m () [33m=>[39m {
     [90m    |[39m               [31m[1m^[22m[39m
     [90m 11 |[39m   
     [90m 12 |[39m   test[33m.[39mdescribe([32m'Flujo de Autenticaci├│n'[39m[33m,[39m () [33m=>[39m {
     [90m 13 |[39m     test([32m'debe permitir registro de nuevo usuario'[39m[33m,[39m [36masync[39m ({ page }) [33m=>[39m {[0m

      at Object.<anonymous> (node_modules/playwright/lib/mcpBundleImpl.js:17:5390)
      at Object.<anonymous> (node_modules/playwright/lib/mcp/sdk/bundle.js:48:22)
      at Object.<anonymous> (node_modules/playwright/lib/mcp/sdk/proxyBackend.js:35:25)
      at Object.<anonymous> (node_modules/playwright/lib/mcp/sdk/exports.js:19:29)
      at Object.<anonymous> (node_modules/playwright/lib/mcp/test/browserBackend.js:34:19)
      at Object.<anonymous> (node_modules/playwright/lib/index.js:45:29)
      at Object.<anonymous> (node_modules/playwright/test.js:17:13)
      at Object.<anonymous> (node_modules/@playwright/test/index.js:17:18)
      at Object.<anonymous> (e2e/app.spec.ts:10:15)

FAIL __tests__/api-integration.test.js
  ÔùÅ Console

    console.log
      Signup attempt body: {
        email: 'newuser@example.com',
        password: 'SecurePass123',
        name: 'New User',
        phone: '1234567890'
      }

      at log (app/api/signup/route.js:10:13)

    console.log
      Signup attempt body: {
        email: 'existing@example.com',
        password: 'password123',
        name: 'Test User'
      }

      at log (app/api/signup/route.js:10:13)

  ÔùÅ Pruebas de Integraci├│n - API de Autenticaci├│n ÔÇ║ POST /api/login ÔÇ║ debe autenticar usuario con credenciales v├ílidas

    expect(received).toContain(expected) // indexOf

    Matcher error: received value must not be null nor undefined

    Received has value: undefined

    [0m [90m 69 |[39m       expect(data[33m.[39muser[33m.[39memail)[33m.[39mtoBe([32m'test@example.com'[39m)[33m;[39m
     [90m 70 |[39m       expect(data[33m.[39muser[33m.[39mpassword_hash)[33m.[39mtoBeUndefined()[33m;[39m
    [31m[1m>[22m[39m[90m 71 |[39m       expect(response[33m.[39mheaders[33m.[39m[36mget[39m([32m'Set-Cookie'[39m))[33m.[39mtoContain([32m'fa_session'[39m)[33m;[39m
     [90m    |[39m                                                  [31m[1m^[22m[39m
     [90m 72 |[39m     })[33m;[39m
     [90m 73 |[39m
     [90m 74 |[39m     test([32m'debe rechazar credenciales incorrectas'[39m[33m,[39m [36masync[39m () [33m=>[39m {[0m

      at Object.toContain (__tests__/api-integration.test.js:71:50)

  ÔùÅ Pruebas de Integraci├│n - API de Autenticaci├│n ÔÇ║ POST /api/signup ÔÇ║ debe registrar nuevo usuario correctamente

    expect(received).toBe(expected) // Object.is equality

    Expected: 200
    Received: 201

    [0m [90m 188 |[39m       [36mconst[39m data [33m=[39m [36mawait[39m response[33m.[39mjson()[33m;[39m
     [90m 189 |[39m
    [31m[1m>[22m[39m[90m 190 |[39m       expect(response[33m.[39mstatus)[33m.[39mtoBe([35m200[39m)[33m;[39m
     [90m     |[39m                               [31m[1m^[22m[39m
     [90m 191 |[39m       expect(data[33m.[39msuccess)[33m.[39mtoBe([36mtrue[39m)[33m;[39m
     [90m 192 |[39m       expect(data[33m.[39muser[33m.[39memail)[33m.[39mtoBe([32m'newuser@example.com'[39m)[33m;[39m
     [90m 193 |[39m     })[33m;[39m[0m

      at Object.toBe (__tests__/api-integration.test.js:190:31)

  ÔùÅ Pruebas de Integraci├│n - API de Autenticaci├│n ÔÇ║ POST /api/signup ÔÇ║ debe rechazar email duplicado

    expect(received).toBe(expected) // Object.is equality

    Expected: 400
    Received: 409

    [0m [90m 209 |[39m       [36mconst[39m data [33m=[39m [36mawait[39m response[33m.[39mjson()[33m;[39m
     [90m 210 |[39m
    [31m[1m>[22m[39m[90m 211 |[39m       expect(response[33m.[39mstatus)[33m.[39mtoBe([35m400[39m)[33m;[39m
     [90m     |[39m                               [31m[1m^[22m[39m
     [90m 212 |[39m       expect(data[33m.[39merror)[33m.[39mtoContain([32m'ya existe'[39m)[33m;[39m
     [90m 213 |[39m     })[33m;[39m
     [90m 214 |[39m   })[33m;[39m[0m

      at Object.toBe (__tests__/api-integration.test.js:211:31)

FAIL __tests__/navbar.test.jsx (7.685 s)
  ÔùÅ Pruebas Funcionales - Componente Navbar ÔÇ║ debe renderizar el logo correctamente

    Unable to find an element with the alt text: Fluidez Activa Logo

    Ignored nodes: comments, script, style
    [36m<body>[39m
      [36m<div>[39m
        [36m<nav[39m
          [33mclass[39m=[32m"bg-[#F7C873] text-[#6B3F1D] shadow-md fixed w-full z-50 border-b-2 border-[#e6b35a]"[39m
        [36m>[39m
          [36m<div[39m
            [33mclass[39m=[32m"w-full mx-auto px-6 lg:px-8"[39m
          [36m>[39m
            [36m<div[39m
              [33mclass[39m=[32m"flex justify-between items-center h-16 gap-4"[39m
            [36m>[39m
              [36m<a[39m
                [33mclass[39m=[32m"flex items-center min-w-max"[39m
                [33mhref[39m=[32m"/"[39m
              [36m>[39m
                [36m<div[39m
                  [33mclass[39m=[32m"h-10 w-10 bg-white rounded-full flex items-center justify-center mr-2 shadow-md border-2 border-[#F7C873]"[39m
                [36m>[39m
                  [36m<span[39m
                    [33mclass[39m=[32m"text-[#F7C873] font-bold text-lg"[39m
                  [36m>[39m
                    [0mF[0m
                  [36m</span>[39m
                [36m</div>[39m
                [36m<span[39m
                  [33mclass[39m=[32m"font-extrabold text-2xl tracking-wide ml-2 text-[#6B3F1D]"[39m
                [36m>[39m
                  [0mFLUIDEZ ACTIVA[0m
                [36m</span>[39m
              [36m</a>[39m
              [36m<div[39m
                [33mclass[39m=[32m"hidden md:flex items-center justify-center flex-1 font-medium gap-8 whitespace-nowrap"[39m
              [36m>[39m
                [36m<a[39m
                  [33mclass[39m=[32m"text-[#6B3F1D] hover:text-[#a86c3a] transition font-bold"[39m
                  [33mhref[39m=[32m"/"[39m
                [36m>[39m
                  [0mInicio[0m
                [36m</a>[39m
                [36m<a[39m
                  [33mclass[39m=[32m"text-[#6B3F1D] hover:text-[#a86c3a] transition"[39m
                  [33mhref[39m=[32m"/daf"[39m
                [36m>[39m
                  [0mDAF[0m
                [36m</a>[39m
                [36m<a[39m
                  [33mclass[39m=[32m"text-[#6B3F1D] hover:text-[#a86c3a] transition"[39m
                  [33mhref[39m=[32m"/progreso"[39m
                [36m>[39m
                  [0mProgreso[0m
                [36m</a>[39m
                [36m<a[39m
                  [33mclass[39m=[32m"text-[#6B3F1D] hover:text-[#a86c3a] transition"[39m
                  [33mhref[39m=[32m"/ejercicios"[39m
                [36m>[39m
                  [0mEjercicios[0m
                [36m</a>[39m
                [36m<a[39m
                  [33mclass[39m=[32m"text-[#6B3F1D] hover:text-[#a86c3a] transition"[39m
                  [33mhref[39m=[32m"/ejercicios-fonema"[39m
                [36m>[39m
                  [0mEjercicios con fonema[0m
                [36m</a>[39m
                [36m<a[39m
                  [33mclass[39m=[32m"text-[#6B3F1D] hover:text-[#a86c3a] transition"[39m
                  [33mhref[39m=[32m"/juego-fonema"[39m
                [36m>[39m
                  [0mJuego fonemas[0m
                [36m</a>[39m
                [36m<a[39m
                  [33mclass[39m=[32m"text-[#6B3F1D] hover:text-[#a86c3a] transition"[39m
                  [33mhref[39m=[32m"/juego-silabas"[39m
                [36m>[39m
                  [0mS├¡labas y sonidos[0m
                [36m</a>[39m
                [36m<a[39m
                  [33mclass[39m=[32m"text-[#6B3F1D] hover:text-[#a86c3a] transition"[39m
                  [33mhref[39m=[32m"/karaoke"[39m
                [36m>[39m
                  [0mKaraoke[0m
                [36m</a>[39m
                [36m<a[39m
                  [33mclass[39m=[32m"text-[#6B3F1D] hover:text-[#a86c3a] transition"[39m
                  [33mhref[39m=[32m"/visualizacion"[39m
                [36m>[39m
                  [0mEspectrograma y Visualizaci├│n del habla[0m
                [36m</a>[39m
                [36m<a[39m
                  [33mclass[39m=[32m"text-[#6B3F1D] hover:text-[#a86c3a] transition"[39m
                  [33mhref[39m=[32m"/about"[39m
                [36m>[39m
                  [0mSobre nosotros[0m
                [36m</a>[39m
                [36m<div[39m
                  [33mclass[39m=[32m"ml-8 mr-4 flex space-x-3 min-w-max"[39m
                [36m>[39m
                  [36m<a[39m
                    [33mclass[39m=[32m"px-4 py-2 bg-white text-[#6B3F1D] rounded-lg font-semibold border-2 border-[#6B3F1D] hover:bg-[#F7C873] transition shadow"[39m
                    [33mhref[39m=[32m"/login"[39m
                  [36m>[39m
                    [0mIniciar sesi├│n[0m
                  [36m</a>[39m
                  [36m<a[39m
                    [33mclass[39m=[32m"px-4 py-2 bg-white text-[#6B3F1D] rounded-lg font-semibold border-2 border-[#6B3F1D] hover:bg-[#F7C873] transition shadow"[39m
                    [33mhref[39m=[32m"/signup"[39m
                  [36m>[39m
                    [0mCrear cuenta[0m
                  [36m</a>[39m
                [36m</div>[39m
              [36m</div>[39m
              [36m<div[39m
                [33mclass[39m=[32m"md:hidden"[39m
              [36m>[39m
                [36m<button[39m
                  [33mclass[39m=[32m"p-2 rounded-md hover:bg-[#e6b35a] focus:outline-none"[39m
                [36m>[39m
                  [36m<svg[39m
                    [33mclass[39m=[32m"h-6 w-6"[39m
                    [33mfill[39m=[32m"none"[39m
                    [33mstroke[39m=[32m"currentColor"[39m
                    [33mviewBox[39m=[32m"0 0 24 24"[39m
                  [36m>[39m
                    [36m<path[39m
                      [33md[39m=[32m"M4 6h16M4 12h16M4 18h16"[39m
                      [33mstroke-linecap[39m=[32m"round"[39m
                      [33mstroke-linejoin[39m=[32m"round"[39m
                      [33mstroke-width[39m=[32m"2"[39m
                    [36m/>[39m
                  [36m</svg>[39m
                [36m</button>[39m
              [36m</div>[39m
            [36m</div>[39m
          [36m</div>[39m
        [36m</nav>[39m
      [36m</div>[39m
    [36m</body>[39m

    [0m [90m 43 |[39m     render([33m<[39m[33mNavbar[39m [33m/[39m[33m>[39m)[33m;[39m
     [90m 44 |[39m
    [31m[1m>[22m[39m[90m 45 |[39m     [36mawait[39m waitFor(() [33m=>[39m {
     [90m    |[39m                  [31m[1m^[22m[39m
     [90m 46 |[39m       [36mconst[39m logo [33m=[39m screen[33m.[39mgetByAltText([32m'Fluidez Activa Logo'[39m)[33m;[39m
     [90m 47 |[39m       expect(logo)[33m.[39mtoBeInTheDocument()[33m;[39m
     [90m 48 |[39m     })[33m;[39m[0m

      at waitForWrapper (node_modules/@testing-library/dom/dist/wait-for.js:163:27)
      at Object.<anonymous> (__tests__/navbar.test.jsx:45:18)

  ÔùÅ Pruebas Funcionales - Componente Navbar ÔÇ║ debe mostrar botones de Login y Registro cuando usuario no est├í autenticado

    Unable to find an element with the text: Login. This could be because the text is broken up by multiple elements. In this case, you can provide a function for your text matcher to make your matcher more flexible.

    Ignored nodes: comments, script, style
    [36m<body>[39m
      [36m<div>[39m
        [36m<nav[39m
          [33mclass[39m=[32m"bg-[#F7C873] text-[#6B3F1D] shadow-md fixed w-full z-50 border-b-2 border-[#e6b35a]"[39m
        [36m>[39m
          [36m<div[39m
            [33mclass[39m=[32m"w-full mx-auto px-6 lg:px-8"[39m
          [36m>[39m
            [36m<div[39m
              [33mclass[39m=[32m"flex justify-between items-center h-16 gap-4"[39m
            [36m>[39m
              [36m<a[39m
                [33mclass[39m=[32m"flex items-center min-w-max"[39m
                [33mhref[39m=[32m"/"[39m
              [36m>[39m
                [36m<div[39m
                  [33mclass[39m=[32m"h-10 w-10 bg-white rounded-full flex items-center justify-center mr-2 shadow-md border-2 border-[#F7C873]"[39m
                [36m>[39m
                  [36m<span[39m
                    [33mclass[39m=[32m"text-[#F7C873] font-bold text-lg"[39m
                  [36m>[39m
                    [0mF[0m
                  [36m</span>[39m
                [36m</div>[39m
                [36m<span[39m
                  [33mclass[39m=[32m"font-extrabold text-2xl tracking-wide ml-2 text-[#6B3F1D]"[39m
                [36m>[39m
                  [0mFLUIDEZ ACTIVA[0m
                [36m</span>[39m
              [36m</a>[39m
              [36m<div[39m
                [33mclass[39m=[32m"hidden md:flex items-center justify-center flex-1 font-medium gap-8 whitespace-nowrap"[39m
              [36m>[39m
                [36m<a[39m
                  [33mclass[39m=[32m"text-[#6B3F1D] hover:text-[#a86c3a] transition font-bold"[39m
                  [33mhref[39m=[32m"/"[39m
                [36m>[39m
                  [0mInicio[0m
                [36m</a>[39m
                [36m<a[39m
                  [33mclass[39m=[32m"text-[#6B3F1D] hover:text-[#a86c3a] transition"[39m
                  [33mhref[39m=[32m"/daf"[39m
                [36m>[39m
                  [0mDAF[0m
                [36m</a>[39m
                [36m<a[39m
                  [33mclass[39m=[32m"text-[#6B3F1D] hover:text-[#a86c3a] transition"[39m
                  [33mhref[39m=[32m"/progreso"[39m
                [36m>[39m
                  [0mProgreso[0m
                [36m</a>[39m
                [36m<a[39m
                  [33mclass[39m=[32m"text-[#6B3F1D] hover:text-[#a86c3a] transition"[39m
                  [33mhref[39m=[32m"/ejercicios"[39m
                [36m>[39m
                  [0mEjercicios[0m
                [36m</a>[39m
                [36m<a[39m
                  [33mclass[39m=[32m"text-[#6B3F1D] hover:text-[#a86c3a] transition"[39m
                  [33mhref[39m=[32m"/ejercicios-fonema"[39m
                [36m>[39m
                  [0mEjercicios con fonema[0m
                [36m</a>[39m
                [36m<a[39m
                  [33mclass[39m=[32m"text-[#6B3F1D] hover:text-[#a86c3a] transition"[39m
                  [33mhref[39m=[32m"/juego-fonema"[39m
                [36m>[39m
                  [0mJuego fonemas[0m
                [36m</a>[39m
                [36m<a[39m
                  [33mclass[39m=[32m"text-[#6B3F1D] hover:text-[#a86c3a] transition"[39m
                  [33mhref[39m=[32m"/juego-silabas"[39m
                [36m>[39m
                  [0mS├¡labas y sonidos[0m
                [36m</a>[39m
                [36m<a[39m
                  [33mclass[39m=[32m"text-[#6B3F1D] hover:text-[#a86c3a] transition"[39m
                  [33mhref[39m=[32m"/karaoke"[39m
                [36m>[39m
                  [0mKaraoke[0m
                [36m</a>[39m
                [36m<a[39m
                  [33mclass[39m=[32m"text-[#6B3F1D] hover:text-[#a86c3a] transition"[39m
                  [33mhref[39m=[32m"/visualizacion"[39m
                [36m>[39m
                  [0mEspectrograma y Visualizaci├│n del habla[0m
                [36m</a>[39m
                [36m<a[39m
                  [33mclass[39m=[32m"text-[#6B3F1D] hover:text-[#a86c3a] transition"[39m
                  [33mhref[39m=[32m"/about"[39m
                [36m>[39m
                  [0mSobre nosotros[0m
                [36m</a>[39m
                [36m<div[39m
                  [33mclass[39m=[32m"ml-8 mr-4 flex space-x-3 min-w-max"[39m
                [36m>[39m
                  [36m<a[39m
                    [33mclass[39m=[32m"px-4 py-2 bg-white text-[#6B3F1D] rounded-lg font-semibold border-2 border-[#6B3F1D] hover:bg-[#F7C873] transition shadow"[39m
                    [33mhref[39m=[32m"/login"[39m
                  [36m>[39m
                    [0mIniciar sesi├│n[0m
                  [36m</a>[39m
                  [36m<a[39m
                    [33mclass[39m=[32m"px-4 py-2 bg-white text-[#6B3F1D] rounded-lg font-semibold border-2 border-[#6B3F1D] hover:bg-[#F7C873] transition shadow"[39m
                    [33mhref[39m=[32m"/signup"[39m
                  [36m>[39m
                    [0mCrear cuenta[0m
                  [36m</a>[39m
                [36m</div>[39m
              [36m</div>[39m
              [36m<div[39m
                [33mclass[39m=[32m"md:hidden"[39m
              [36m>[39m
                [36m<button[39m
                  [33mclass[39m=[32m"p-2 rounded-md hover:bg-[#e6b35a] focus:outline-none"[39m
                [36m>[39m
                  [36m<svg[39m
                    [33mclass[39m=[32m"h-6 w-6"[39m
                    [33mfill[39m=[32m"none"[39m
                    [33mstroke[39m=[32m"currentColor"[39m
                    [33mviewBox[39m=[32m"0 0 24 24"[39m
                  [36m>[39m
                    [36m<path[39m
                      [33md[39m=[32m"M4 6h16M4 12h16M4 18h16"[39m
                      [33mstroke-linecap[39m=[32m"round"[39m
                      [33mstroke-linejoin[39m=[32m"round"[39m
                      [33mstroke-width[39m=[32m"2"[39m
                    [36m/>[39m
                  [36m</svg>[39m
                [36m</button>[39m
              [36m</div>[39m
            [36m</div>[39m
          [36m</div>[39m
        [36m</nav>[39m
      [36m</div>[39m
    [36m</body>[39m

    [0m [90m 56 |[39m     render([33m<[39m[33mNavbar[39m [33m/[39m[33m>[39m)[33m;[39m
     [90m 57 |[39m
    [31m[1m>[22m[39m[90m 58 |[39m     [36mawait[39m waitFor(() [33m=>[39m {
     [90m    |[39m                  [31m[1m^[22m[39m
     [90m 59 |[39m       expect(screen[33m.[39mgetByText([32m'Login'[39m))[33m.[39mtoBeInTheDocument()[33m;[39m
     [90m 60 |[39m       expect(screen[33m.[39mgetByText([32m'Registro'[39m))[33m.[39mtoBeInTheDocument()[33m;[39m
     [90m 61 |[39m     })[33m;[39m[0m

      at waitForWrapper (node_modules/@testing-library/dom/dist/wait-for.js:163:27)
      at Object.<anonymous> (__tests__/navbar.test.jsx:58:18)

  ÔùÅ Pruebas Funcionales - Componente Navbar ÔÇ║ debe mostrar informaci├│n del usuario cuando est├í autenticado

    Unable to find an element with the text: Juan P├®rez. This could be because the text is broken up by multiple elements. In this case, you can provide a function for your text matcher to make your matcher more flexible.

    Ignored nodes: comments, script, style
    [36m<body>[39m
      [36m<div>[39m
        [36m<nav[39m
          [33mclass[39m=[32m"bg-[#F7C873] text-[#6B3F1D] shadow-md fixed w-full z-50 border-b-2 border-[#e6b35a]"[39m
        [36m>[39m
          [36m<div[39m
            [33mclass[39m=[32m"w-full mx-auto px-6 lg:px-8"[39m
          [36m>[39m
            [36m<div[39m
              [33mclass[39m=[32m"flex justify-between items-center h-16 gap-4"[39m
            [36m>[39m
              [36m<a[39m
                [33mclass[39m=[32m"flex items-center min-w-max"[39m
                [33mhref[39m=[32m"/"[39m
              [36m>[39m
                [36m<div[39m
                  [33mclass[39m=[32m"h-10 w-10 bg-white rounded-full flex items-center justify-center mr-2 shadow-md border-2 border-[#F7C873]"[39m
                [36m>[39m
                  [36m<span[39m
                    [33mclass[39m=[32m"text-[#F7C873] font-bold text-lg"[39m
                  [36m>[39m
                    [0mF[0m
                  [36m</span>[39m
                [36m</div>[39m
                [36m<span[39m
                  [33mclass[39m=[32m"font-extrabold text-2xl tracking-wide ml-2 text-[#6B3F1D]"[39m
                [36m>[39m
                  [0mFLUIDEZ ACTIVA[0m
                [36m</span>[39m
              [36m</a>[39m
              [36m<div[39m
                [33mclass[39m=[32m"hidden md:flex items-center justify-center flex-1 font-medium gap-8 whitespace-nowrap"[39m
              [36m>[39m
                [36m<a[39m
                  [33mclass[39m=[32m"text-[#6B3F1D] hover:text-[#a86c3a] transition font-bold"[39m
                  [33mhref[39m=[32m"/"[39m
                [36m>[39m
                  [0mInicio[0m
                [36m</a>[39m
                [36m<a[39m
                  [33mclass[39m=[32m"text-[#6B3F1D] hover:text-[#a86c3a] transition"[39m
                  [33mhref[39m=[32m"/daf"[39m
                [36m>[39m
                  [0mDAF[0m
                [36m</a>[39m
                [36m<a[39m
                  [33mclass[39m=[32m"text-[#6B3F1D] hover:text-[#a86c3a] transition"[39m
                  [33mhref[39m=[32m"/progreso"[39m
                [36m>[39m
                  [0mProgreso[0m
                [36m</a>[39m
                [36m<a[39m
                  [33mclass[39m=[32m"text-[#6B3F1D] hover:text-[#a86c3a] transition"[39m
                  [33mhref[39m=[32m"/ejercicios"[39m
                [36m>[39m
                  [0mEjercicios[0m
                [36m</a>[39m
                [36m<a[39m
                  [33mclass[39m=[32m"text-[#6B3F1D] hover:text-[#a86c3a] transition"[39m
                  [33mhref[39m=[32m"/ejercicios-fonema"[39m
                [36m>[39m
                  [0mEjercicios con fonema[0m
                [36m</a>[39m
                [36m<a[39m
                  [33mclass[39m=[32m"text-[#6B3F1D] hover:text-[#a86c3a] transition"[39m
                  [33mhref[39m=[32m"/juego-fonema"[39m
                [36m>[39m
                  [0mJuego fonemas[0m
                [36m</a>[39m
                [36m<a[39m
                  [33mclass[39m=[32m"text-[#6B3F1D] hover:text-[#a86c3a] transition"[39m
                  [33mhref[39m=[32m"/juego-silabas"[39m
                [36m>[39m
                  [0mS├¡labas y sonidos[0m
                [36m</a>[39m
                [36m<a[39m
                  [33mclass[39m=[32m"text-[#6B3F1D] hover:text-[#a86c3a] transition"[39m
                  [33mhref[39m=[32m"/karaoke"[39m
                [36m>[39m
                  [0mKaraoke[0m
                [36m</a>[39m
                [36m<a[39m
                  [33mclass[39m=[32m"text-[#6B3F1D] hover:text-[#a86c3a] transition"[39m
                  [33mhref[39m=[32m"/visualizacion"[39m
                [36m>[39m
                  [0mEspectrograma y Visualizaci├│n del habla[0m
                [36m</a>[39m
                [36m<a[39m
                  [33mclass[39m=[32m"text-[#6B3F1D] hover:text-[#a86c3a] transition"[39m
                  [33mhref[39m=[32m"/about"[39m
                [36m>[39m
                  [0mSobre nosotros[0m
                [36m</a>[39m
                [36m<div[39m
                  [33mclass[39m=[32m"ml-8 flex items-center gap-2 min-w-max relative"[39m
                [36m>[39m
                  [36m<button[39m
                    [33mclass[39m=[32m"flex items-center gap-2 px-3 py-2 bg-white rounded-lg border-2 border-[#6B3F1D] hover:bg-[#F7C873] transition shadow"[39m
                  [36m>[39m
                    [36m<img[39m
                      [33malt[39m=[32m"Usuario"[39m
                      [33mclass[39m=[32m"rounded-full"[39m
                      [33mheight[39m=[32m"24"[39m
                      [33msrc[39m=[32m"/logos//avatar.png"[39m
                      [33mwidth[39m=[32m"24"[39m
                    [36m/>[39m
                    [36m<span[39m
                      [33mclass[39m=[32m"font-semibold text-[#6B3F1D]"[39m
                    [36m>[39m
                      [0mJuan[0m
                    [36m</span>[39m
                  [36m</button>[39m
                [36m</div>[39m
              [36m</div>[39m
              [36m<div[39m
                [33mclass[39m=[32m"md:hidden"[39m
              [36m>[39m
                [36m<button[39m
                  [33mclass[39m=[32m"p-2 rounded-md hover:bg-[#e6b35a] focus:outline-none"[39m
                [36m>[39m
                  [36m<svg[39m
                    [33mclass[39m=[32m"h-6 w-6"[39m
                    [33mfill[39m=[32m"none"[39m
                    [33mstroke[39m=[32m"currentColor"[39m
                    [33mviewBox[39m=[32m"0 0 24 24"[39m
                  [36m>[39m
                    [36m<path[39m
                      [33md[39m=[32m"M4 6h16M4 12h16M4 18h16"[39m
                      [33mstroke-linecap[39m=[32m"round"[39m
                      [33mstroke-linejoin[39m=[32m"round"[39m
                      [33mstroke-width[39m=[32m"2"[39m
                    [36m/>[39m
                  [36m</svg>[39m
                [36m</button>[39m
              [36m</div>[39m
            [36m</div>[39m
          [36m</div>[39m
        [36m</nav>[39m
      [36m</div>[39m
    [36m</body>[39m

    [0m [90m 77 |[39m     render([33m<[39m[33mNavbar[39m [33m/[39m[33m>[39m)[33m;[39m
     [90m 78 |[39m
    [31m[1m>[22m[39m[90m 79 |[39m     [36mawait[39m waitFor(() [33m=>[39m {
     [90m    |[39m                  [31m[1m^[22m[39m
     [90m 80 |[39m       expect(screen[33m.[39mgetByText([32m'Juan P├®rez'[39m))[33m.[39mtoBeInTheDocument()[33m;[39m
     [90m 81 |[39m     })[33m;[39m
     [90m 82 |[39m   })[33m;[39m[0m

      at waitForWrapper (node_modules/@testing-library/dom/dist/wait-for.js:163:27)
      at Object.<anonymous> (__tests__/navbar.test.jsx:79:18)

  ÔùÅ Pruebas Funcionales - Componente Navbar ÔÇ║ debe mostrar men├║ de usuario al hacer click en el avatar

    Unable to find an element with the text: Mar├¡a Garc├¡a. This could be because the text is broken up by multiple elements. In this case, you can provide a function for your text matcher to make your matcher more flexible.

    Ignored nodes: comments, script, style
    [36m<body>[39m
      [36m<div>[39m
        [36m<nav[39m
          [33mclass[39m=[32m"bg-[#F7C873] text-[#6B3F1D] shadow-md fixed w-full z-50 border-b-2 border-[#e6b35a]"[39m
        [36m>[39m
          [36m<div[39m
            [33mclass[39m=[32m"w-full mx-auto px-6 lg:px-8"[39m
          [36m>[39m
            [36m<div[39m
              [33mclass[39m=[32m"flex justify-between items-center h-16 gap-4"[39m
            [36m>[39m
              [36m<a[39m
                [33mclass[39m=[32m"flex items-center min-w-max"[39m
                [33mhref[39m=[32m"/"[39m
              [36m>[39m
                [36m<div[39m
                  [33mclass[39m=[32m"h-10 w-10 bg-white rounded-full flex items-center justify-center mr-2 shadow-md border-2 border-[#F7C873]"[39m
                [36m>[39m
                  [36m<span[39m
                    [33mclass[39m=[32m"text-[#F7C873] font-bold text-lg"[39m
                  [36m>[39m
                    [0mF[0m
                  [36m</span>[39m
                [36m</div>[39m
                [36m<span[39m
                  [33mclass[39m=[32m"font-extrabold text-2xl tracking-wide ml-2 text-[#6B3F1D]"[39m
                [36m>[39m
                  [0mFLUIDEZ ACTIVA[0m
                [36m</span>[39m
              [36m</a>[39m
              [36m<div[39m
                [33mclass[39m=[32m"hidden md:flex items-center justify-center flex-1 font-medium gap-8 whitespace-nowrap"[39m
              [36m>[39m
                [36m<a[39m
                  [33mclass[39m=[32m"text-[#6B3F1D] hover:text-[#a86c3a] transition font-bold"[39m
                  [33mhref[39m=[32m"/"[39m
                [36m>[39m
                  [0mInicio[0m
                [36m</a>[39m
                [36m<a[39m
                  [33mclass[39m=[32m"text-[#6B3F1D] hover:text-[#a86c3a] transition"[39m
                  [33mhref[39m=[32m"/daf"[39m
                [36m>[39m
                  [0mDAF[0m
                [36m</a>[39m
                [36m<a[39m
                  [33mclass[39m=[32m"text-[#6B3F1D] hover:text-[#a86c3a] transition"[39m
                  [33mhref[39m=[32m"/progreso"[39m
                [36m>[39m
                  [0mProgreso[0m
                [36m</a>[39m
                [36m<a[39m
                  [33mclass[39m=[32m"text-[#6B3F1D] hover:text-[#a86c3a] transition"[39m
                  [33mhref[39m=[32m"/ejercicios"[39m
                [36m>[39m
                  [0mEjercicios[0m
                [36m</a>[39m
                [36m<a[39m
                  [33mclass[39m=[32m"text-[#6B3F1D] hover:text-[#a86c3a] transition"[39m
                  [33mhref[39m=[32m"/ejercicios-fonema"[39m
                [36m>[39m
                  [0mEjercicios con fonema[0m
                [36m</a>[39m
                [36m<a[39m
                  [33mclass[39m=[32m"text-[#6B3F1D] hover:text-[#a86c3a] transition"[39m
                  [33mhref[39m=[32m"/juego-fonema"[39m
                [36m>[39m
                  [0mJuego fonemas[0m
                [36m</a>[39m
                [36m<a[39m
                  [33mclass[39m=[32m"text-[#6B3F1D] hover:text-[#a86c3a] transition"[39m
                  [33mhref[39m=[32m"/juego-silabas"[39m
                [36m>[39m
                  [0mS├¡labas y sonidos[0m
                [36m</a>[39m
                [36m<a[39m
                  [33mclass[39m=[32m"text-[#6B3F1D] hover:text-[#a86c3a] transition"[39m
                  [33mhref[39m=[32m"/karaoke"[39m
                [36m>[39m
                  [0mKaraoke[0m
                [36m</a>[39m
                [36m<a[39m
                  [33mclass[39m=[32m"text-[#6B3F1D] hover:text-[#a86c3a] transition"[39m
                  [33mhref[39m=[32m"/visualizacion"[39m
                [36m>[39m
                  [0mEspectrograma y Visualizaci├│n del habla[0m
                [36m</a>[39m
                [36m<a[39m
                  [33mclass[39m=[32m"text-[#6B3F1D] hover:text-[#a86c3a] transition"[39m
                  [33mhref[39m=[32m"/about"[39m
                [36m>[39m
                  [0mSobre nosotros[0m
                [36m</a>[39m
                [36m<div[39m
                  [33mclass[39m=[32m"ml-8 flex items-center gap-2 min-w-max relative"[39m
                [36m>[39m
                  [36m<button[39m
                    [33mclass[39m=[32m"flex items-center gap-2 px-3 py-2 bg-white rounded-lg border-2 border-[#6B3F1D] hover:bg-[#F7C873] transition shadow"[39m
                  [36m>[39m
                    [36m<img[39m
                      [33malt[39m=[32m"Usuario"[39m
                      [33mclass[39m=[32m"rounded-full"[39m
                      [33mheight[39m=[32m"24"[39m
                      [33msrc[39m=[32m"/logos//avatar.png"[39m
                      [33mwidth[39m=[32m"24"[39m
                    [36m/>[39m
                    [36m<span[39m
                      [33mclass[39m=[32m"font-semibold text-[#6B3F1D]"[39m
                    [36m>[39m
                      [0mMar├¡a[0m
                    [36m</span>[39m
                  [36m</button>[39m
                [36m</div>[39m
              [36m</div>[39m
              [36m<div[39m
                [33mclass[39m=[32m"md:hidden"[39m
              [36m>[39m
                [36m<button[39m
                  [33mclass[39m=[32m"p-2 rounded-md hover:bg-[#e6b35a] focus:outline-none"[39m
                [36m>[39m
                  [36m<svg[39m
                    [33mclass[39m=[32m"h-6 w-6"[39m
                    [33mfill[39m=[32m"none"[39m
                    [33mstroke[39m=[32m"currentColor"[39m
                    [33mviewBox[39m=[32m"0 0 24 24"[39m
                  [36m>[39m
                    [36m<path[39m
                      [33md[39m=[32m"M4 6h16M4 12h16M4 18h16"[39m
                      [33mstroke-linecap[39m=[32m"round"[39m
                      [33mstroke-linejoin[39m=[32m"round"[39m
                      [33mstroke-width[39m=[32m"2"[39m
                    [36m/>[39m
                  [36m</svg>[39m
                [36m</button>[39m
              [36m</div>[39m
            [36m</div>[39m
          [36m</div>[39m
        [36m</nav>[39m
      [36m</div>[39m
    [36m</body>[39m

    [0m [90m  97 |[39m     render([33m<[39m[33mNavbar[39m [33m/[39m[33m>[39m)[33m;[39m
     [90m  98 |[39m
    [31m[1m>[22m[39m[90m  99 |[39m     [36mawait[39m waitFor(() [33m=>[39m {
     [90m     |[39m                  [31m[1m^[22m[39m
     [90m 100 |[39m       [36mconst[39m userButton [33m=[39m screen[33m.[39mgetByText([32m'Mar├¡a Garc├¡a'[39m)[33m.[39mclosest([32m'button'[39m)[33m;[39m
     [90m 101 |[39m       fireEvent[33m.[39mclick(userButton)[33m;[39m
     [90m 102 |[39m     })[33m;[39m[0m

      at waitForWrapper (node_modules/@testing-library/dom/dist/wait-for.js:163:27)
      at Object.<anonymous> (__tests__/navbar.test.jsx:99:18)

  ÔùÅ Pruebas Funcionales - Componente Navbar ÔÇ║ debe alternar el men├║ m├│vil al hacer click en el bot├│n hamburguesa

    Unable to find a label with the text of: /toggle menu/i

    Ignored nodes: comments, script, style
    [36m<body>[39m
      [36m<div>[39m
        [36m<nav[39m
          [33mclass[39m=[32m"bg-[#F7C873] text-[#6B3F1D] shadow-md fixed w-full z-50 border-b-2 border-[#e6b35a]"[39m
        [36m>[39m
          [36m<div[39m
            [33mclass[39m=[32m"w-full mx-auto px-6 lg:px-8"[39m
          [36m>[39m
            [36m<div[39m
              [33mclass[39m=[32m"flex justify-between items-center h-16 gap-4"[39m
            [36m>[39m
              [36m<a[39m
                [33mclass[39m=[32m"flex items-center min-w-max"[39m
                [33mhref[39m=[32m"/"[39m
              [36m>[39m
                [36m<div[39m
                  [33mclass[39m=[32m"h-10 w-10 bg-white rounded-full flex items-center justify-center mr-2 shadow-md border-2 border-[#F7C873]"[39m
                [36m>[39m
                  [36m<span[39m
                    [33mclass[39m=[32m"text-[#F7C873] font-bold text-lg"[39m
                  [36m>[39m
                    [0mF[0m
                  [36m</span>[39m
                [36m</div>[39m
                [36m<span[39m
                  [33mclass[39m=[32m"font-extrabold text-2xl tracking-wide ml-2 text-[#6B3F1D]"[39m
                [36m>[39m
                  [0mFLUIDEZ ACTIVA[0m
                [36m</span>[39m
              [36m</a>[39m
              [36m<div[39m
                [33mclass[39m=[32m"hidden md:flex items-center justify-center flex-1 font-medium gap-8 whitespace-nowrap"[39m
              [36m>[39m
                [36m<a[39m
                  [33mclass[39m=[32m"text-[#6B3F1D] hover:text-[#a86c3a] transition font-bold"[39m
                  [33mhref[39m=[32m"/"[39m
                [36m>[39m
                  [0mInicio[0m
                [36m</a>[39m
                [36m<a[39m
                  [33mclass[39m=[32m"text-[#6B3F1D] hover:text-[#a86c3a] transition"[39m
                  [33mhref[39m=[32m"/daf"[39m
                [36m>[39m
                  [0mDAF[0m
                [36m</a>[39m
                [36m<a[39m
                  [33mclass[39m=[32m"text-[#6B3F1D] hover:text-[#a86c3a] transition"[39m
                  [33mhref[39m=[32m"/progreso"[39m
                [36m>[39m
                  [0mProgreso[0m
                [36m</a>[39m
                [36m<a[39m
                  [33mclass[39m=[32m"text-[#6B3F1D] hover:text-[#a86c3a] transition"[39m
                  [33mhref[39m=[32m"/ejercicios"[39m
                [36m>[39m
                  [0mEjercicios[0m
                [36m</a>[39m
                [36m<a[39m
                  [33mclass[39m=[32m"text-[#6B3F1D] hover:text-[#a86c3a] transition"[39m
                  [33mhref[39m=[32m"/ejercicios-fonema"[39m
                [36m>[39m
                  [0mEjercicios con fonema[0m
                [36m</a>[39m
                [36m<a[39m
                  [33mclass[39m=[32m"text-[#6B3F1D] hover:text-[#a86c3a] transition"[39m
                  [33mhref[39m=[32m"/juego-fonema"[39m
                [36m>[39m
                  [0mJuego fonemas[0m
                [36m</a>[39m
                [36m<a[39m
                  [33mclass[39m=[32m"text-[#6B3F1D] hover:text-[#a86c3a] transition"[39m
                  [33mhref[39m=[32m"/juego-silabas"[39m
                [36m>[39m
                  [0mS├¡labas y sonidos[0m
                [36m</a>[39m
                [36m<a[39m
                  [33mclass[39m=[32m"text-[#6B3F1D] hover:text-[#a86c3a] transition"[39m
                  [33mhref[39m=[32m"/karaoke"[39m
                [36m>[39m
                  [0mKaraoke[0m
                [36m</a>[39m
                [36m<a[39m
                  [33mclass[39m=[32m"text-[#6B3F1D] hover:text-[#a86c3a] transition"[39m
                  [33mhref[39m=[32m"/visualizacion"[39m
                [36m>[39m
                  [0mEspectrograma y Visualizaci├│n del habla[0m
                [36m</a>[39m
                [36m<a[39m
                  [33mclass[39m=[32m"text-[#6B3F1D] hover:text-[#a86c3a] transition"[39m
                  [33mhref[39m=[32m"/about"[39m
                [36m>[39m
                  [0mSobre nosotros[0m
                [36m</a>[39m
                [36m<div[39m
                  [33mclass[39m=[32m"ml-8 mr-4 flex space-x-3 min-w-max"[39m
                [36m>[39m
                  [36m<a[39m
                    [33mclass[39m=[32m"px-4 py-2 bg-white text-[#6B3F1D] rounded-lg font-semibold border-2 border-[#6B3F1D] hover:bg-[#F7C873] transition shadow"[39m
                    [33mhref[39m=[32m"/login"[39m
                  [36m>[39m
                    [0mIniciar sesi├│n[0m
                  [36m</a>[39m
                  [36m<a[39m
                    [33mclass[39m=[32m"px-4 py-2 bg-white text-[#6B3F1D] rounded-lg font-semibold border-2 border-[#6B3F1D] hover:bg-[#F7C873] transition shadow"[39m
                    [33mhref[39m=[32m"/signup"[39m
                  [36m>[39m
                    [0mCrear cuenta[0m
                  [36m</a>[39m
                [36m</div>[39m
              [36m</div>[39m
              [36m<div[39m
                [33mclass[39m=[32m"md:hidden"[39m
              [36m>[39m
                [36m<button[39m
                  [33mclass[39m=[32m"p-2 rounded-md hover:bg-[#e6b35a] focus:outline-none"[39m
                [36m>[39m
                  [36m<svg[39m
                    [33mclass[39m=[32m"h-6 w-6"[39m
                    [33mfill[39m=[32m"none"[39m
                    [33mstroke[39m=[32m"currentColor"[39m
                    [33mviewBox[39m=[32m"0 0 24 24"[39m
                  [36m>[39m
                    [36m<path[39m
                      [33md[39m=[32m"M4 6h16M4 12h16M4 18h16"[39m
                      [33mstroke-linecap[39m=[32m"round"[39m
                      [33mstroke-linejoin[39m=[32m"round"[39m
                      [33mstroke-width[39m=[32m"2"[39m
                    [36m/>[39m
                  [36m</svg>[39m
                [36m</button>[39m
              [36m</div>[39m
            [36m</div>[39m
          [36m</div>[39m
        [36m</nav>[39m
      [36m</div>[39m
    [36m</body>[39m

    [0m [90m 115 |[39m     render([33m<[39m[33mNavbar[39m [33m/[39m[33m>[39m)[33m;[39m
     [90m 116 |[39m
    [31m[1m>[22m[39m[90m 117 |[39m     [36mawait[39m waitFor(() [33m=>[39m {
     [90m     |[39m                  [31m[1m^[22m[39m
     [90m 118 |[39m       [36mconst[39m menuButton [33m=[39m screen[33m.[39mgetByLabelText([35m/toggle menu/i[39m)[33m;[39m
     [90m 119 |[39m       expect(menuButton)[33m.[39mtoBeInTheDocument()[33m;[39m
     [90m 120 |[39m     })[33m;[39m[0m

      at waitForWrapper (node_modules/@testing-library/dom/dist/wait-for.js:163:27)
      at Object.<anonymous> (__tests__/navbar.test.jsx:117:18)

  ÔùÅ Pruebas Funcionales - Componente Navbar ÔÇ║ debe hacer logout correctamente

    Unable to find an element with the text: Carlos L├│pez. This could be because the text is broken up by multiple elements. In this case, you can provide a function for your text matcher to make your matcher more flexible.

    Ignored nodes: comments, script, style
    [36m<body>[39m
      [36m<div>[39m
        [36m<nav[39m
          [33mclass[39m=[32m"bg-[#F7C873] text-[#6B3F1D] shadow-md fixed w-full z-50 border-b-2 border-[#e6b35a]"[39m
        [36m>[39m
          [36m<div[39m
            [33mclass[39m=[32m"w-full mx-auto px-6 lg:px-8"[39m
          [36m>[39m
            [36m<div[39m
              [33mclass[39m=[32m"flex justify-between items-center h-16 gap-4"[39m
            [36m>[39m
              [36m<a[39m
                [33mclass[39m=[32m"flex items-center min-w-max"[39m
                [33mhref[39m=[32m"/"[39m
              [36m>[39m
                [36m<div[39m
                  [33mclass[39m=[32m"h-10 w-10 bg-white rounded-full flex items-center justify-center mr-2 shadow-md border-2 border-[#F7C873]"[39m
                [36m>[39m
                  [36m<span[39m
                    [33mclass[39m=[32m"text-[#F7C873] font-bold text-lg"[39m
                  [36m>[39m
                    [0mF[0m
                  [36m</span>[39m
                [36m</div>[39m
                [36m<span[39m
                  [33mclass[39m=[32m"font-extrabold text-2xl tracking-wide ml-2 text-[#6B3F1D]"[39m
                [36m>[39m
                  [0mFLUIDEZ ACTIVA[0m
                [36m</span>[39m
              [36m</a>[39m
              [36m<div[39m
                [33mclass[39m=[32m"hidden md:flex items-center justify-center flex-1 font-medium gap-8 whitespace-nowrap"[39m
              [36m>[39m
                [36m<a[39m
                  [33mclass[39m=[32m"text-[#6B3F1D] hover:text-[#a86c3a] transition font-bold"[39m
                  [33mhref[39m=[32m"/"[39m
                [36m>[39m
                  [0mInicio[0m
                [36m</a>[39m
                [36m<a[39m
                  [33mclass[39m=[32m"text-[#6B3F1D] hover:text-[#a86c3a] transition"[39m
                  [33mhref[39m=[32m"/daf"[39m
                [36m>[39m
                  [0mDAF[0m
                [36m</a>[39m
                [36m<a[39m
                  [33mclass[39m=[32m"text-[#6B3F1D] hover:text-[#a86c3a] transition"[39m
                  [33mhref[39m=[32m"/progreso"[39m
                [36m>[39m
                  [0mProgreso[0m
                [36m</a>[39m
                [36m<a[39m
                  [33mclass[39m=[32m"text-[#6B3F1D] hover:text-[#a86c3a] transition"[39m
                  [33mhref[39m=[32m"/ejercicios"[39m
                [36m>[39m
                  [0mEjercicios[0m
                [36m</a>[39m
                [36m<a[39m
                  [33mclass[39m=[32m"text-[#6B3F1D] hover:text-[#a86c3a] transition"[39m
                  [33mhref[39m=[32m"/ejercicios-fonema"[39m
                [36m>[39m
                  [0mEjercicios con fonema[0m
                [36m</a>[39m
                [36m<a[39m
                  [33mclass[39m=[32m"text-[#6B3F1D] hover:text-[#a86c3a] transition"[39m
                  [33mhref[39m=[32m"/juego-fonema"[39m
                [36m>[39m
                  [0mJuego fonemas[0m
                [36m</a>[39m
                [36m<a[39m
                  [33mclass[39m=[32m"text-[#6B3F1D] hover:text-[#a86c3a] transition"[39m
                  [33mhref[39m=[32m"/juego-silabas"[39m
                [36m>[39m
                  [0mS├¡labas y sonidos[0m
                [36m</a>[39m
                [36m<a[39m
                  [33mclass[39m=[32m"text-[#6B3F1D] hover:text-[#a86c3a] transition"[39m
                  [33mhref[39m=[32m"/karaoke"[39m
                [36m>[39m
                  [0mKaraoke[0m
                [36m</a>[39m
                [36m<a[39m
                  [33mclass[39m=[32m"text-[#6B3F1D] hover:text-[#a86c3a] transition"[39m
                  [33mhref[39m=[32m"/visualizacion"[39m
                [36m>[39m
                  [0mEspectrograma y Visualizaci├│n del habla[0m
                [36m</a>[39m
                [36m<a[39m
                  [33mclass[39m=[32m"text-[#6B3F1D] hover:text-[#a86c3a] transition"[39m
                  [33mhref[39m=[32m"/about"[39m
                [36m>[39m
                  [0mSobre nosotros[0m
                [36m</a>[39m
                [36m<div[39m
                  [33mclass[39m=[32m"ml-8 flex items-center gap-2 min-w-max relative"[39m
                [36m>[39m
                  [36m<button[39m
                    [33mclass[39m=[32m"flex items-center gap-2 px-3 py-2 bg-white rounded-lg border-2 border-[#6B3F1D] hover:bg-[#F7C873] transition shadow"[39m
                  [36m>[39m
                    [36m<img[39m
                      [33malt[39m=[32m"Usuario"[39m
                      [33mclass[39m=[32m"rounded-full"[39m
                      [33mheight[39m=[32m"24"[39m
                      [33msrc[39m=[32m"/logos/Icono de usuario.png"[39m
                      [33mwidth[39m=[32m"24"[39m
                    [36m/>[39m
                    [36m<span[39m
                      [33mclass[39m=[32m"font-semibold text-[#6B3F1D]"[39m
                    [36m>[39m
                      [0mCarlos[0m
                    [36m</span>[39m
                  [36m</button>[39m
                [36m</div>[39m
              [36m</div>[39m
              [36m<div[39m
                [33mclass[39m=[32m"md:hidden"[39m
              [36m>[39m
                [36m<button[39m
                  [33mclass[39m=[32m"p-2 rounded-md hover:bg-[#e6b35a] focus:outline-none"[39m
                [36m>[39m
                  [36m<svg[39m
                    [33mclass[39m=[32m"h-6 w-6"[39m
                    [33mfill[39m=[32m"none"[39m
                    [33mstroke[39m=[32m"currentColor"[39m
                    [33mviewBox[39m=[32m"0 0 24 24"[39m
                  [36m>[39m
                    [36m<path[39m
                      [33md[39m=[32m"M4 6h16M4 12h16M4 18h16"[39m
                      [33mstroke-linecap[39m=[32m"round"[39m
                      [33mstroke-linejoin[39m=[32m"round"[39m
                      [33mstroke-width[39m=[32m"2"[39m
                    [36m/>[39m
                  [36m</svg>[39m
                [36m</button>[39m
              [36m</div>[39m
            [36m</div>[39m
          [36m</div>[39m
        [36m</nav>[39m
      [36m</div>[39m
    [36m</body>[39m

    [0m [90m 147 |[39m     render([33m<[39m[33mNavbar[39m [33m/[39m[33m>[39m)[33m;[39m
     [90m 148 |[39m
    [31m[1m>[22m[39m[90m 149 |[39m     [36mawait[39m waitFor(() [33m=>[39m {
     [90m     |[39m                  [31m[1m^[22m[39m
     [90m 150 |[39m       [36mconst[39m userButton [33m=[39m screen[33m.[39mgetByText([32m'Carlos L├│pez'[39m)[33m.[39mclosest([32m'button'[39m)[33m;[39m
     [90m 151 |[39m       fireEvent[33m.[39mclick(userButton)[33m;[39m
     [90m 152 |[39m     })[33m;[39m[0m

      at waitForWrapper (node_modules/@testing-library/dom/dist/wait-for.js:163:27)
      at Object.<anonymous> (__tests__/navbar.test.jsx:149:18)

  ÔùÅ Pruebas Funcionales - Componente Navbar ÔÇ║ debe manejar error al cargar informaci├│n del usuario

    Unable to find an element with the text: Login. This could be because the text is broken up by multiple elements. In this case, you can provide a function for your text matcher to make your matcher more flexible.

    Ignored nodes: comments, script, style
    [36m<body>[39m
      [36m<div>[39m
        [36m<nav[39m
          [33mclass[39m=[32m"bg-[#F7C873] text-[#6B3F1D] shadow-md fixed w-full z-50 border-b-2 border-[#e6b35a]"[39m
        [36m>[39m
          [36m<div[39m
            [33mclass[39m=[32m"w-full mx-auto px-6 lg:px-8"[39m
          [36m>[39m
            [36m<div[39m
              [33mclass[39m=[32m"flex justify-between items-center h-16 gap-4"[39m
            [36m>[39m
              [36m<a[39m
                [33mclass[39m=[32m"flex items-center min-w-max"[39m
                [33mhref[39m=[32m"/"[39m
              [36m>[39m
                [36m<div[39m
                  [33mclass[39m=[32m"h-10 w-10 bg-white rounded-full flex items-center justify-center mr-2 shadow-md border-2 border-[#F7C873]"[39m
                [36m>[39m
                  [36m<span[39m
                    [33mclass[39m=[32m"text-[#F7C873] font-bold text-lg"[39m
                  [36m>[39m
                    [0mF[0m
                  [36m</span>[39m
                [36m</div>[39m
                [36m<span[39m
                  [33mclass[39m=[32m"font-extrabold text-2xl tracking-wide ml-2 text-[#6B3F1D]"[39m
                [36m>[39m
                  [0mFLUIDEZ ACTIVA[0m
                [36m</span>[39m
              [36m</a>[39m
              [36m<div[39m
                [33mclass[39m=[32m"hidden md:flex items-center justify-center flex-1 font-medium gap-8 whitespace-nowrap"[39m
              [36m>[39m
                [36m<a[39m
                  [33mclass[39m=[32m"text-[#6B3F1D] hover:text-[#a86c3a] transition font-bold"[39m
                  [33mhref[39m=[32m"/"[39m
                [36m>[39m
                  [0mInicio[0m
                [36m</a>[39m
                [36m<a[39m
                  [33mclass[39m=[32m"text-[#6B3F1D] hover:text-[#a86c3a] transition"[39m
                  [33mhref[39m=[32m"/daf"[39m
                [36m>[39m
                  [0mDAF[0m
                [36m</a>[39m
                [36m<a[39m
                  [33mclass[39m=[32m"text-[#6B3F1D] hover:text-[#a86c3a] transition"[39m
                  [33mhref[39m=[32m"/progreso"[39m
                [36m>[39m
                  [0mProgreso[0m
                [36m</a>[39m
                [36m<a[39m
                  [33mclass[39m=[32m"text-[#6B3F1D] hover:text-[#a86c3a] transition"[39m
                  [33mhref[39m=[32m"/ejercicios"[39m
                [36m>[39m
                  [0mEjercicios[0m
                [36m</a>[39m
                [36m<a[39m
                  [33mclass[39m=[32m"text-[#6B3F1D] hover:text-[#a86c3a] transition"[39m
                  [33mhref[39m=[32m"/ejercicios-fonema"[39m
                [36m>[39m
                  [0mEjercicios con fonema[0m
                [36m</a>[39m
                [36m<a[39m
                  [33mclass[39m=[32m"text-[#6B3F1D] hover:text-[#a86c3a] transition"[39m
                  [33mhref[39m=[32m"/juego-fonema"[39m
                [36m>[39m
                  [0mJuego fonemas[0m
                [36m</a>[39m
                [36m<a[39m
                  [33mclass[39m=[32m"text-[#6B3F1D] hover:text-[#a86c3a] transition"[39m
                  [33mhref[39m=[32m"/juego-silabas"[39m
                [36m>[39m
                  [0mS├¡labas y sonidos[0m
                [36m</a>[39m
                [36m<a[39m
                  [33mclass[39m=[32m"text-[#6B3F1D] hover:text-[#a86c3a] transition"[39m
                  [33mhref[39m=[32m"/karaoke"[39m
                [36m>[39m
                  [0mKaraoke[0m
                [36m</a>[39m
                [36m<a[39m
                  [33mclass[39m=[32m"text-[#6B3F1D] hover:text-[#a86c3a] transition"[39m
                  [33mhref[39m=[32m"/visualizacion"[39m
                [36m>[39m
                  [0mEspectrograma y Visualizaci├│n del habla[0m
                [36m</a>[39m
                [36m<a[39m
                  [33mclass[39m=[32m"text-[#6B3F1D] hover:text-[#a86c3a] transition"[39m
                  [33mhref[39m=[32m"/about"[39m
                [36m>[39m
                  [0mSobre nosotros[0m
                [36m</a>[39m
                [36m<div[39m
                  [33mclass[39m=[32m"ml-8 mr-4 flex space-x-3 min-w-max"[39m
                [36m>[39m
                  [36m<a[39m
                    [33mclass[39m=[32m"px-4 py-2 bg-white text-[#6B3F1D] rounded-lg font-semibold border-2 border-[#6B3F1D] hover:bg-[#F7C873] transition shadow"[39m
                    [33mhref[39m=[32m"/login"[39m
                  [36m>[39m
                    [0mIniciar sesi├│n[0m
                  [36m</a>[39m
                  [36m<a[39m
                    [33mclass[39m=[32m"px-4 py-2 bg-white text-[#6B3F1D] rounded-lg font-semibold border-2 border-[#6B3F1D] hover:bg-[#F7C873] transition shadow"[39m
                    [33mhref[39m=[32m"/signup"[39m
                  [36m>[39m
                    [0mCrear cuenta[0m
                  [36m</a>[39m
                [36m</div>[39m
              [36m</div>[39m
              [36m<div[39m
                [33mclass[39m=[32m"md:hidden"[39m
              [36m>[39m
                [36m<button[39m
                  [33mclass[39m=[32m"p-2 rounded-md hover:bg-[#e6b35a] focus:outline-none"[39m
                [36m>[39m
                  [36m<svg[39m
                    [33mclass[39m=[32m"h-6 w-6"[39m
                    [33mfill[39m=[32m"none"[39m
                    [33mstroke[39m=[32m"currentColor"[39m
                    [33mviewBox[39m=[32m"0 0 24 24"[39m
                  [36m>[39m
                    [36m<path[39m
                      [33md[39m=[32m"M4 6h16M4 12h16M4 18h16"[39m
                      [33mstroke-linecap[39m=[32m"round"[39m
                      [33mstroke-linejoin[39m=[32m"round"[39m
                      [33mstroke-width[39m=[32m"2"[39m
                    [36m/>[39m
                  [36m</svg>[39m
                [36m</button>[39m
              [36m</div>[39m
            [36m</div>[39m
          [36m</div>[39m
        [36m</nav>[39m
      [36m</div>[39m
    [36m</body>[39m

    [0m [90m 170 |[39m     render([33m<[39m[33mNavbar[39m [33m/[39m[33m>[39m)[33m;[39m
     [90m 171 |[39m
    [31m[1m>[22m[39m[90m 172 |[39m     [36mawait[39m waitFor(() [33m=>[39m {
     [90m     |[39m                  [31m[1m^[22m[39m
     [90m 173 |[39m       expect(screen[33m.[39mgetByText([32m'Login'[39m))[33m.[39mtoBeInTheDocument()[33m;[39m
     [90m 174 |[39m     })[33m;[39m
     [90m 175 |[39m[0m

      at waitForWrapper (node_modules/@testing-library/dom/dist/wait-for.js:163:27)
      at Object.<anonymous> (__tests__/navbar.test.jsx:172:18)

Test Suites: 4 failed, 1 passed, 5 total
Tests:       15 failed, 16 passed, 31 total
Snapshots:   0 total
Time:        8.399 s, estimated 12 s
Ran all test suites.
